Voynich                            h2 2.24 lung 4.46 tipi 0.210 hapax 0.68 ident 0.0094 (x1.01 riga) somigl. 3.8% / 4.0% / 3.4%
Vitruvio in chiaro                 h2 3.30 lung 6.18 tipi 0.274 hapax 0.62 ident 0.0012 (x0.23 riga) somigl. 0.4% / 0.4% / 0.2%
Vitruvio verboso                   h2 3.27 lung 6.28 tipi 0.274 hapax 0.62 ident 0.0012 (x0.23 riga) somigl. 0.4% / 0.4% / 0.2%
Vitruvio codice                    h2 2.36 lung 4.72 tipi 0.274 hapax 0.62 ident 0.0012 (x0.23 riga) somigl. 0.1% / 0.0% / 0.0%
Vitruvio varianti                  h2 2.57 lung 5.41 tipi 0.418 hapax 0.64 ident 0.0003 (x0.44 riga) somigl. 0.2% / 0.1% / 0.2%
Vitruvio stile 3/0.7               h2 2.64 lung 5.03 tipi 0.436 hapax 0.74 ident 0.0020 (x0.46 riga) somigl. 4.9% / 4.9% / 4.9%
Vitruvio stile 6/0.9               h2 2.81 lung 5.56 tipi 0.559 hapax 0.77 ident 0.0026 (x0.53 riga) somigl. 13.2% / 13.2% / 13.2%
Vitruvio sillabe                   h2 1.90 lung 4.03 tipi 0.042 hapax 0.26 ident 0.0014 (x0.27 riga) somigl. 0.1% / 0.1% / 0.1%
Bibbia latina in chiaro            h2 3.26 lung 5.24 tipi 0.184 hapax 0.51 ident 0.0013 (x0.11 riga) somigl. 0.3% / 0.4% / 0.3%
Bibbia latina verboso              h2 3.19 lung 5.42 tipi 0.184 hapax 0.51 ident 0.0013 (x0.11 riga) somigl. 0.3% / 0.4% / 0.2%
Bibbia latina codice               h2 2.21 lung 4.48 tipi 0.184 hapax 0.51 ident 0.0013 (x0.11 riga) somigl. 0.1% / 0.0% / 0.1%
Bibbia latina varianti             h2 2.50 lung 5.07 tipi 0.321 hapax 0.54 ident 0.0005 (x0.29 riga) somigl. 0.2% / 0.2% / 0.2%
Bibbia latina stile 3/0.7          h2 2.50 lung 4.76 tipi 0.338 hapax 0.69 ident 0.0016 (x0.19 riga) somigl. 4.3% / 4.4% / 4.4%
Bibbia latina stile 6/0.9          h2 2.72 lung 5.30 tipi 0.472 hapax 0.73 ident 0.0036 (x0.34 riga) somigl. 12.7% / 12.8% / 12.8%
Bibbia latina sillabe              h2 1.90 lung 4.07 tipi 0.039 hapax 0.22 ident 0.0011 (x0.19 riga) somigl. -0.3% / -0.1% / -0.0%
Bibbia italiana in chiaro          h2 3.15 lung 4.50 tipi 0.136 hapax 0.49 ident 0.0011 (x0.16 riga) somigl. 0.2% / 0.1% / -0.0%
Bibbia italiana verboso            h2 3.13 lung 4.66 tipi 0.136 hapax 0.49 ident 0.0011 (x0.16 riga) somigl. 0.2% / 0.1% / -0.0%
Bibbia italiana codice             h2 2.12 lung 4.29 tipi 0.136 hapax 0.49 ident 0.0011 (x0.16 riga) somigl. -0.2% / -0.0% / -0.1%
Bibbia italiana varianti           h2 2.48 lung 4.90 tipi 0.256 hapax 0.50 ident 0.0005 (x0.46 riga) somigl. -0.2% / -0.2% / -0.2%
Bibbia italiana stile 3/0.7        h2 2.45 lung 4.58 tipi 0.278 hapax 0.65 ident 0.0018 (x0.32 riga) somigl. 4.8% / 5.0% / 4.9%
Bibbia italiana stile 6/0.9        h2 2.69 lung 5.10 tipi 0.416 hapax 0.69 ident 0.0034 (x0.42 riga) somigl. 14.2% / 14.4% / 14.3%
Bibbia italiana sillabe            h2 1.80 lung 3.93 tipi 0.032 hapax 0.23 ident 0.0024 (x0.30 riga) somigl. 0.1% / 0.0% / -0.0%
nessun cifrario arriva entro 0.15 bit dall'h2 del Voynich; minimo 2.39
