Voynich: tipi/parole 0.210  hapax 0.679
lam 0.8 tau 1.0 lontano 0.05 pref 0.0 -> tipi 0.176 hapax 0.483 
lam 0.8 tau 1.0 lontano 0.05 pref 0.5 -> tipi 0.014 hapax 0.456 
lam 0.8 tau 1.0 lontano 0.05 pref 1.0 -> tipi 0.012 hapax 0.452 
lam 0.8 tau 1.0 lontano 0.05 pref 1.5 -> tipi 0.011 hapax 0.428 
lam 0.8 tau 1.0 lontano 0.20 pref 0.0 -> tipi 0.169 hapax 0.456 
lam 0.8 tau 1.0 lontano 0.20 pref 0.5 -> tipi 0.022 hapax 0.457 
lam 0.8 tau 1.0 lontano 0.20 pref 1.0 -> tipi 0.019 hapax 0.441 
lam 0.8 tau 1.0 lontano 0.20 pref 1.5 -> tipi 0.018 hapax 0.446 
lam 0.8 tau 2.0 lontano 0.05 pref 0.0 -> tipi 0.115 hapax 0.444 
lam 0.8 tau 2.0 lontano 0.05 pref 0.5 -> tipi 0.012 hapax 0.381 
lam 0.8 tau 2.0 lontano 0.05 pref 1.0 -> tipi 0.011 hapax 0.443 
lam 0.8 tau 2.0 lontano 0.05 pref 1.5 -> tipi 0.009 hapax 0.367 
lam 0.8 tau 2.0 lontano 0.20 pref 0.0 -> tipi 0.217 hapax 0.483 
lam 0.8 tau 2.0 lontano 0.20 pref 0.5 -> tipi 0.016 hapax 0.458 
lam 0.8 tau 2.0 lontano 0.20 pref 1.0 -> tipi 0.017 hapax 0.434 
lam 0.8 tau 2.0 lontano 0.20 pref 1.5 -> tipi 0.014 hapax 0.449 
lam 0.8 tau 4.0 lontano 0.05 pref 0.0 -> tipi 0.237 hapax 0.487 
lam 0.8 tau 4.0 lontano 0.05 pref 0.5 -> tipi 0.013 hapax 0.474 
lam 0.8 tau 4.0 lontano 0.05 pref 1.0 -> tipi 0.010 hapax 0.399 
lam 0.8 tau 4.0 lontano 0.05 pref 1.5 -> tipi 0.010 hapax 0.409 
lam 0.8 tau 4.0 lontano 0.20 pref 0.0 -> tipi 0.239 hapax 0.482 
lam 0.8 tau 4.0 lontano 0.20 pref 0.5 -> tipi 0.022 hapax 0.428 
lam 0.8 tau 4.0 lontano 0.20 pref 1.0 -> tipi 0.015 hapax 0.454 
lam 0.8 tau 4.0 lontano 0.20 pref 1.5 -> tipi 0.012 hapax 0.400 
lam 1.1 tau 1.0 lontano 0.05 pref 0.0 -> tipi 0.183 hapax 0.514 
lam 1.1 tau 1.0 lontano 0.05 pref 0.5 -> tipi 0.019 hapax 0.483 
lam 1.1 tau 1.0 lontano 0.05 pref 1.0 -> tipi 0.014 hapax 0.469 
lam 1.1 tau 1.0 lontano 0.05 pref 1.5 -> tipi 0.012 hapax 0.430 
lam 1.1 tau 1.0 lontano 0.20 pref 0.0 -> tipi 0.211 hapax 0.518 
lam 1.1 tau 1.0 lontano 0.20 pref 0.5 -> tipi 0.022 hapax 0.477 
lam 1.1 tau 1.0 lontano 0.20 pref 1.0 -> tipi 0.016 hapax 0.476 
lam 1.1 tau 1.0 lontano 0.20 pref 1.5 -> tipi 0.016 hapax 0.471 
lam 1.1 tau 2.0 lontano 0.05 pref 0.0 -> tipi 0.208 hapax 0.532 
lam 1.1 tau 2.0 lontano 0.05 pref 0.5 -> tipi 0.016 hapax 0.474 
lam 1.1 tau 2.0 lontano 0.05 pref 1.0 -> tipi 0.013 hapax 0.461 
lam 1.1 tau 2.0 lontano 0.05 pref 1.5 -> tipi 0.012 hapax 0.460 
lam 1.1 tau 2.0 lontano 0.20 pref 0.0 -> tipi 0.143 hapax 0.489 
lam 1.1 tau 2.0 lontano 0.20 pref 0.5 -> tipi 0.036 hapax 0.538 
lam 1.1 tau 2.0 lontano 0.20 pref 1.0 -> tipi 0.016 hapax 0.454 
lam 1.1 tau 2.0 lontano 0.20 pref 1.5 -> tipi 0.015 hapax 0.478 
lam 1.1 tau 4.0 lontano 0.05 pref 0.0 -> tipi 0.311 hapax 0.579 
lam 1.1 tau 4.0 lontano 0.05 pref 0.5 -> tipi 0.015 hapax 0.506 
lam 1.1 tau 4.0 lontano 0.05 pref 1.0 -> tipi 0.013 hapax 0.486 
lam 1.1 tau 4.0 lontano 0.05 pref 1.5 -> tipi 0.012 hapax 0.477 
lam 1.1 tau 4.0 lontano 0.20 pref 0.0 -> tipi 0.323 hapax 0.560 
lam 1.1 tau 4.0 lontano 0.20 pref 0.5 -> tipi 0.022 hapax 0.507 
lam 1.1 tau 4.0 lontano 0.20 pref 1.0 -> tipi 0.016 hapax 0.483 
lam 1.1 tau 4.0 lontano 0.20 pref 1.5 -> tipi 0.015 hapax 0.508 
lam 1.4 tau 1.0 lontano 0.05 pref 0.0 -> tipi 0.392 hapax 0.630 
lam 1.4 tau 1.0 lontano 0.05 pref 0.5 -> tipi 0.029 hapax 0.530 
lam 1.4 tau 1.0 lontano 0.05 pref 1.0 -> tipi 0.019 hapax 0.520 
lam 1.4 tau 1.0 lontano 0.05 pref 1.5 -> tipi 0.018 hapax 0.531 
lam 1.4 tau 1.0 lontano 0.20 pref 0.0 -> tipi 0.318 hapax 0.585 
lam 1.4 tau 1.0 lontano 0.20 pref 0.5 -> tipi 0.030 hapax 0.511 
lam 1.4 tau 1.0 lontano 0.20 pref 1.0 -> tipi 0.024 hapax 0.542 
lam 1.4 tau 1.0 lontano 0.20 pref 1.5 -> tipi 0.025 hapax 0.539 
lam 1.4 tau 2.0 lontano 0.05 pref 0.0 -> tipi 0.270 hapax 0.596 
lam 1.4 tau 2.0 lontano 0.05 pref 0.5 -> tipi 0.022 hapax 0.529 
lam 1.4 tau 2.0 lontano 0.05 pref 1.0 -> tipi 0.017 hapax 0.492 
lam 1.4 tau 2.0 lontano 0.05 pref 1.5 -> tipi 0.017 hapax 0.502 
lam 1.4 tau 2.0 lontano 0.20 pref 0.0 -> tipi 0.184 hapax 0.545 
lam 1.4 tau 2.0 lontano 0.20 pref 0.5 -> tipi 0.030 hapax 0.544 
lam 1.4 tau 2.0 lontano 0.20 pref 1.0 -> tipi 0.021 hapax 0.531 
lam 1.4 tau 2.0 lontano 0.20 pref 1.5 -> tipi 0.021 hapax 0.521 
lam 1.4 tau 4.0 lontano 0.05 pref 0.0 -> tipi 0.389 hapax 0.619 
lam 1.4 tau 4.0 lontano 0.05 pref 0.5 -> tipi 0.021 hapax 0.504 
lam 1.4 tau 4.0 lontano 0.05 pref 1.0 -> tipi 0.016 hapax 0.495 
lam 1.4 tau 4.0 lontano 0.05 pref 1.5 -> tipi 0.015 hapax 0.479 
lam 1.4 tau 4.0 lontano 0.20 pref 0.0 -> tipi 0.371 hapax 0.601 
lam 1.4 tau 4.0 lontano 0.20 pref 0.5 -> tipi 0.035 hapax 0.513 
lam 1.4 tau 4.0 lontano 0.20 pref 1.0 -> tipi 0.022 hapax 0.533 
lam 1.4 tau 4.0 lontano 0.20 pref 1.5 -> tipi 0.018 hapax 0.487 
lam 1.8 tau 1.0 lontano 0.05 pref 0.0 -> tipi 0.267 hapax 0.617 
lam 1.8 tau 1.0 lontano 0.05 pref 0.5 -> tipi 0.033 hapax 0.569 
lam 1.8 tau 1.0 lontano 0.05 pref 1.0 -> tipi 0.025 hapax 0.537 
lam 1.8 tau 1.0 lontano 0.05 pref 1.5 -> tipi 0.065 hapax 0.586 
lam 1.8 tau 1.0 lontano 0.20 pref 0.0 -> tipi 0.291 hapax 0.644 
lam 1.8 tau 1.0 lontano 0.20 pref 0.5 -> tipi 0.036 hapax 0.563 
lam 1.8 tau 1.0 lontano 0.20 pref 1.0 -> tipi 0.029 hapax 0.561 
lam 1.8 tau 1.0 lontano 0.20 pref 1.5 -> tipi 0.028 hapax 0.559 
lam 1.8 tau 2.0 lontano 0.05 pref 0.0 -> tipi 0.438 hapax 0.688 
lam 1.8 tau 2.0 lontano 0.05 pref 0.5 -> tipi 0.071 hapax 0.580 
lam 1.8 tau 2.0 lontano 0.05 pref 1.0 -> tipi 0.057 hapax 0.570 
lam 1.8 tau 2.0 lontano 0.05 pref 1.5 -> tipi 0.059 hapax 0.596 
lam 1.8 tau 2.0 lontano 0.20 pref 0.0 -> tipi 0.244 hapax 0.606 
lam 1.8 tau 2.0 lontano 0.20 pref 0.5 -> tipi 0.033 hapax 0.548 
lam 1.8 tau 2.0 lontano 0.20 pref 1.0 -> tipi 0.027 hapax 0.539 
lam 1.8 tau 2.0 lontano 0.20 pref 1.5 -> tipi 0.066 hapax 0.606 
lam 1.8 tau 4.0 lontano 0.05 pref 0.0 -> tipi 0.248 hapax 0.623 
lam 1.8 tau 4.0 lontano 0.05 pref 0.5 -> tipi 0.036 hapax 0.578 
lam 1.8 tau 4.0 lontano 0.05 pref 1.0 -> tipi 0.054 hapax 0.570 
lam 1.8 tau 4.0 lontano 0.05 pref 1.5 -> tipi 0.054 hapax 0.580 
lam 1.8 tau 4.0 lontano 0.20 pref 0.0 -> tipi 0.346 hapax 0.641 
lam 1.8 tau 4.0 lontano 0.20 pref 0.5 -> tipi 0.034 hapax 0.559 
lam 1.8 tau 4.0 lontano 0.20 pref 1.0 -> tipi 0.025 hapax 0.547 
lam 1.8 tau 4.0 lontano 0.20 pref 1.5 -> tipi 0.060 hapax 0.594 
lam 2.2 tau 1.0 lontano 0.05 pref 0.0 -> tipi 0.354 hapax 0.704 
lam 2.2 tau 1.0 lontano 0.05 pref 0.5 -> tipi 0.037 hapax 0.539 
lam 2.2 tau 1.0 lontano 0.05 pref 1.0 -> tipi 0.029 hapax 0.556 
lam 2.2 tau 1.0 lontano 0.05 pref 1.5 -> tipi 0.028 hapax 0.552 
lam 2.2 tau 1.0 lontano 0.20 pref 0.0 -> tipi 0.342 hapax 0.684 
lam 2.2 tau 1.0 lontano 0.20 pref 0.5 -> tipi 0.043 hapax 0.560 
lam 2.2 tau 1.0 lontano 0.20 pref 1.0 -> tipi 0.034 hapax 0.546 
lam 2.2 tau 1.0 lontano 0.20 pref 1.5 -> tipi 0.033 hapax 0.559 
lam 2.2 tau 2.0 lontano 0.05 pref 0.0 -> tipi 0.448 hapax 0.732 
lam 2.2 tau 2.0 lontano 0.05 pref 0.5 -> tipi 0.031 hapax 0.554 
lam 2.2 tau 2.0 lontano 0.05 pref 1.0 -> tipi 0.026 hapax 0.558 
lam 2.2 tau 2.0 lontano 0.05 pref 1.5 -> tipi 0.025 hapax 0.549 
lam 2.2 tau 2.0 lontano 0.20 pref 0.0 -> tipi 0.390 hapax 0.698 
lam 2.2 tau 2.0 lontano 0.20 pref 0.5 -> tipi 0.043 hapax 0.574 
lam 2.2 tau 2.0 lontano 0.20 pref 1.0 -> tipi 0.031 hapax 0.530 
lam 2.2 tau 2.0 lontano 0.20 pref 1.5 -> tipi 0.030 hapax 0.556 
lam 2.2 tau 4.0 lontano 0.05 pref 0.0 -> tipi 0.382 hapax 0.724 
lam 2.2 tau 4.0 lontano 0.05 pref 0.5 -> tipi 0.031 hapax 0.547 
lam 2.2 tau 4.0 lontano 0.05 pref 1.0 -> tipi 0.026 hapax 0.541 
lam 2.2 tau 4.0 lontano 0.05 pref 1.5 -> tipi 0.024 hapax 0.526 
lam 2.2 tau 4.0 lontano 0.20 pref 0.0 -> tipi 0.374 hapax 0.691 
lam 2.2 tau 4.0 lontano 0.20 pref 0.5 -> tipi 0.035 hapax 0.561 
lam 2.2 tau 4.0 lontano 0.20 pref 1.0 -> tipi 0.030 hapax 0.560 
lam 2.2 tau 4.0 lontano 0.20 pref 1.5 -> tipi 0.027 hapax 0.555 
Voynich                                          h2 2.24 lung 4.46 ident 0.94% (x1.01) somigl. 3.8% / 4.0% / 3.4%
Voynich rimescolato in tutto il testo            h2 2.24 lung 4.46 ident 0.36% (x1.05) somigl. 0.1% / -0.0% / -0.0%
Voynich rimescolato dentro ogni pagina           h2 2.24 lung 4.46 ident 0.72% (x1.01) somigl. 3.0% / 3.0% / 3.3%
autocitazione NON tarata: lam 1.8, tau 4.0, lontano 0.05, preferenza 0.0 h2 3.26 lung 2.80 ident 4.10% (x1.26) somigl. 5.0% / 3.8% / 2.7%
autocitazione NON tarata: lam 1.8, tau 2.0, lontano 0.20, preferenza 0.0 h2 3.25 lung 2.79 ident 4.12% (x1.20) somigl. 4.2% / 2.7% / 0.8%
autocitazione NON tarata: lam 1.8, tau 1.0, lontano 0.05, preferenza 0.0 h2 3.29 lung 3.05 ident 7.84% (x1.24) somigl. 11.0% / 7.2% / 1.9%
