Voynich ZL                     righe  3181 | sim1 0.2208 sim2 0.2306 sim3 0.2218 | A 1.044 (nullo 0.998, z 5.3) | con identiche A 1.052 (z 6.1)
Voynich IT                     righe  3268 | sim1 0.2264 sim2 0.2382 sim3 0.2277 | A 1.052 (nullo 1.000, z 5.5) | con identiche A 1.058 (z 6.1)
Voynich, lingua A              righe  1016 | sim1 0.2065 sim2 0.2106 sim3 0.2047 | A 1.020 (nullo 1.002, z 0.9) | con identiche A 1.023 (z 1.1)
Voynich, lingua B              righe  2121 | sim1 0.2263 sim2 0.2381 sim3 0.2277 | A 1.052 (nullo 0.996, z 5.0) | con identiche A 1.061 (z 5.6)
Voynich, mano 1                righe   941 | sim1 0.2024 sim2 0.2075 sim3 0.1997 | A 1.025 (nullo 1.002, z 1.2) | con identiche A 1.030 (z 1.5)
Voynich, mano 2                righe  1030 | sim1 0.2151 sim2 0.2352 sim3 0.2300 | A 1.093 (nullo 0.995, z 5.8) | con identiche A 1.106 (z 6.4)
Voynich, mano 3                righe  1045 | sim1 0.2346 sim2 0.2400 sim3 0.2266 | A 1.023 (nullo 0.997, z 1.7) | con identiche A 1.028 (z 2.0)
Timm e Schinner, seme 19       righe  3562 | sim1 0.2303 sim2 0.2051 sim3 0.2015 | A 0.891 (nullo 1.000, z -11.5) | con identiche A 0.907 (z -10.0)
Timm e Schinner, seme 1        righe  3592 | sim1 0.2248 sim2 0.1999 sim3 0.1973 | A 0.889 (nullo 0.999, z -12.3) | con identiche A 0.920 (z -9.0)
Timm e Schinner, seme 2        righe  3581 | sim1 0.2224 sim2 0.1943 sim3 0.1986 | A 0.874 (nullo 0.998, z -13.1) | con identiche A 0.915 (z -8.4)
+ giunture (e23), seme 19      righe  3560 | sim1 0.2278 sim2 0.2024 sim3 0.2044 | A 0.889 (nullo 0.999, z -11.2) | con identiche A 0.900 (z -10.0)
e51, seme 19                   righe  3544 | sim1 0.2263 sim2 0.2037 sim3 0.2042 | A 0.900 (nullo 0.999, z -9.7) | con identiche A 0.914 (z -8.2)
base e106 (e69), seme 19       righe  3471 | sim1 0.2829 sim2 0.2278 sim3 0.2124 | A 0.805 (nullo 0.997, z -19.5) | con identiche A 0.816 (z -19.7)
base e106 (e69), seme 1        righe  3509 | sim1 0.2732 sim2 0.2355 sim3 0.2306 | A 0.862 (nullo 0.997, z -14.4) | con identiche A 0.912 (z -9.8)
base e106 (e69), seme 2        righe  3516 | sim1 0.2778 sim2 0.2346 sim3 0.2259 | A 0.845 (nullo 0.998, z -15.1) | con identiche A 0.847 (z -16.8)
Bibbia latina                  righe  3889 | sim1 0.1395 sim2 0.1445 sim3 0.1430 | A 1.035 (nullo 1.001, z 3.9) | con identiche A 1.075 (z 7.4)
Bibbia italiana                righe  3889 | sim1 0.1193 sim2 0.1176 sim3 0.1204 | A 0.986 (nullo 1.000, z -1.4) | con identiche A 1.012 (z 1.1)
Bibbia inglese                 righe  3889 | sim1 0.1124 sim2 0.1176 sim3 0.1207 | A 1.046 (nullo 0.999, z 4.0) | con identiche A 1.096 (z 7.8)
Bibbia tedesca                 righe  3889 | sim1 0.1251 sim2 0.1272 sim3 0.1311 | A 1.017 (nullo 1.001, z 1.5) | con identiche A 1.054 (z 4.6)
Ovidio, Metamorfosi            righe 10086 | sim1 0.1291 sim2 0.1309 sim3 0.1310 | A 1.014 (nullo 0.996, z 2.3) | con identiche A 1.051 (z 6.5)
Macer                          righe  1681 | sim1 0.1358 sim2 0.1315 sim3 0.1303 | A 0.969 (nullo 0.999, z -1.6) | con identiche A 0.977 (z -1.1)
Plinio, a capo                 righe  3329 | sim1 0.1340 sim2 0.1343 sim3 0.1335 | A 1.002 (nullo 0.999, z 0.4) | con identiche A 1.032 (z 3.5)
alternanza confermata: False | tutti i generatori sotto 1: True
