Voynich ZL                                       | varianza per riga: F1 1.14 (z 7.8) F2 1.13 (z 10.1) F3 1.07 (z 4.0) F4 1.05 (z 2.8) F5 1.06 (z 3.7) F6 1.04 (z 2.3) F7 1.12 (z 8.3) | C 0.0047 (nullo -0.0002, z 1.1)
controllo positivo: stato di riga imposto (0,3)  | varianza per riga: F1 1.24 (z 14.0) F2 1.23 (z 14.3) F3 1.19 (z 10.1) F4 1.20 (z 10.0) F5 1.16 (z 8.7) F6 1.13 (z 5.9) F7 1.25 (z 14.0) | C 0.1584 (nullo 0.0001, z 35.9)
Timm e Schinner, seme 19                         | varianza per riga: F1 1.03 (z 2.2) F2 1.00 (z 0.2) F3 1.11 (z 6.2) F4 0.99 (z -0.2) F5 0.90 (z -1.4) F6 0.99 (z -0.2) F7 1.03 (z 1.5) | C -0.0099 (nullo -0.0002, z -1.6)
controllo valido True | scelte decise per riga 5 | stato di riga comune False
   F1 ch/sh ~ F2 k/t              r +0.034 (z 2.2)
   F1 ch/sh ~ F3 -l/-r            r +0.052 (z 2.9)
   F1 ch/sh ~ F4 e/ee             r -0.038 (z -2.0)
   F1 ch/sh ~ F5 qo-/o-           r +0.036 (z 1.8)
   F1 ch/sh ~ F6 ain/aiin         r +0.023 (z 1.2)
   F1 ch/sh ~ F7 -dy/-ey          r +0.070 (z 3.8)
   F2 k/t ~ F3 -l/-r              r -0.001 (z -0.0)
   F2 k/t ~ F4 e/ee               r -0.023 (z -1.2)
   F2 k/t ~ F5 qo-/o-             r +0.007 (z 0.4)
   F2 k/t ~ F6 ain/aiin           r +0.001 (z 0.1)
   F2 k/t ~ F7 -dy/-ey            r +0.072 (z 3.7)
   F3 -l/-r ~ F4 e/ee             r +0.016 (z 1.0)
   F3 -l/-r ~ F5 qo-/o-           r -0.057 (z -3.1)
   F3 -l/-r ~ F6 ain/aiin         r -0.015 (z -0.7)
   F3 -l/-r ~ F7 -dy/-ey          r -0.028 (z -1.6)
   F4 e/ee ~ F5 qo-/o-            r +0.007 (z 0.4)
   F4 e/ee ~ F6 ain/aiin          r +0.002 (z 0.1)
   F4 e/ee ~ F7 -dy/-ey           r -0.185 (z -8.9)
   F5 qo-/o- ~ F6 ain/aiin        r +0.020 (z 1.0)
   F5 qo-/o- ~ F7 -dy/-ey         r +0.078 (z 3.9)
   F6 ain/aiin ~ F7 -dy/-ey       r +0.028 (z 1.2)
