latino      controllo positivo                 parole vere  90.6% ( 4266 diverse, prime 3  15%)  lunghe  86.6%  coppie  54.4% (mescolate  30.4%)
latino      controllo negativo                 parole vere  22.9% (   43 diverse, prime 3  58%)  lunghe   2.6%  coppie   4.4% (mescolate   7.1%)
latino      Voynich, glifi                     parole vere  15.8% (   63 diverse, prime 3  58%)  lunghe   6.9%  coppie  17.3% (mescolate  16.4%)  zodiaco: 0 pagine giuste, 2 nomi fuori posto
latino      Voynich, glifi e serie di i        parole vere  14.0% (   69 diverse, prime 3  62%)  lunghe   3.7%  coppie  23.2% (mescolate  27.0%)  zodiaco: 1 pagine giuste, 10 nomi fuori posto
italiano    controllo positivo                 parole vere  90.6% ( 2799 diverse, prime 3  12%)  lunghe  84.0%  coppie  71.5% (mescolate  31.5%)
italiano    controllo negativo                 parole vere  22.9% (   39 diverse, prime 3  64%)  lunghe   2.8%  coppie  12.8% (mescolate   5.8%)
italiano    Voynich, glifi                     parole vere  21.9% (   93 diverse, prime 3  31%)  lunghe   8.8%  coppie  20.1% (mescolate  20.8%)  zodiaco: 0 pagine giuste, 0 nomi fuori posto
italiano    Voynich, glifi e serie di i        parole vere  26.6% (   48 diverse, prime 3  60%)  lunghe   2.2%  coppie  10.7% (mescolate  14.2%)  zodiaco: 0 pagine giuste, 0 nomi fuori posto
tedesco     controllo positivo                 parole vere  93.9% ( 2359 diverse, prime 3  13%)  lunghe  90.0%  coppie  71.3% (mescolate  42.7%)
tedesco     controllo negativo                 parole vere  12.9% (   42 diverse, prime 3  36%)  lunghe   7.0%  coppie  39.6% (mescolate  33.0%)
tedesco     Voynich, glifi                     parole vere  11.4% (   52 diverse, prime 3  41%)  lunghe   8.0%  coppie  24.2% (mescolate  22.8%)  zodiaco: 0 pagine giuste, 0 nomi fuori posto
tedesco     Voynich, glifi e serie di i        parole vere   9.8% (   38 diverse, prime 3  70%)  lunghe   7.8%  coppie  39.3% (mescolate  25.8%)  zodiaco: 2 pagine giuste, 9 nomi fuori posto
inglese     controllo positivo                 parole vere  97.8% ( 1433 diverse, prime 3  23%)  lunghe  95.9%  coppie  82.0% (mescolate  43.7%)
inglese     controllo negativo                 parole vere   2.3% (    4 diverse, prime 3 100%)  lunghe   0.0%  coppie   0.0% (mescolate   0.0%)
inglese     Voynich, glifi                     parole vere  12.6% (   46 diverse, prime 3  52%)  lunghe   6.5%  coppie  13.3% (mescolate  11.5%)  zodiaco: 0 pagine giuste, 1 nomi fuori posto
inglese     Voynich, glifi e serie di i        parole vere  19.7% (   64 diverse, prime 3  42%)  lunghe   6.6%  coppie  13.2% (mescolate  13.8%)  zodiaco: 0 pagine giuste, 0 nomi fuori posto
francese    controllo positivo                 parole vere  95.8% ( 1864 diverse, prime 3  12%)  lunghe  91.8%  coppie  76.3% (mescolate  33.8%)
francese    controllo negativo                 parole vere  19.7% (   64 diverse, prime 3  62%)  lunghe   1.1%  coppie  34.0% (mescolate  28.8%)
francese    Voynich, glifi                     parole vere  14.5% (   55 diverse, prime 3  41%)  lunghe   6.3%  coppie  18.8% (mescolate  19.9%)  zodiaco: 0 pagine giuste, 0 nomi fuori posto
francese    Voynich, glifi e serie di i        parole vere  28.3% (   52 diverse, prime 3  55%)  lunghe  14.7%  coppie   2.7% (mescolate   3.7%)  zodiaco: 0 pagine giuste, 0 nomi fuori posto
spagnolo    controllo positivo                 parole vere  82.0% ( 1880 diverse, prime 3  19%)  lunghe  68.3%  coppie  76.8% (mescolate  38.8%)
spagnolo    controllo negativo                 parole vere  23.1% (   43 diverse, prime 3  69%)  lunghe   6.6%  coppie  11.3% (mescolate   6.9%)
spagnolo    Voynich, glifi                     parole vere  19.6% (   30 diverse, prime 3  53%)  lunghe   8.1%  coppie   7.9% (mescolate   8.6%)  zodiaco: 0 pagine giuste, 0 nomi fuori posto
spagnolo    Voynich, glifi e serie di i        parole vere  27.5% (   43 diverse, prime 3  60%)  lunghe   1.5%  coppie  13.0% (mescolate  15.0%)  zodiaco: 0 pagine giuste, 0 nomi fuori posto
ceco        controllo positivo                 parole vere  91.1% ( 3986 diverse, prime 3  11%)  lunghe  86.8%  coppie  58.2% (mescolate  28.2%)
ceco        controllo negativo                 parole vere   5.1% (   18 diverse, prime 3  47%)  lunghe   2.1%  coppie   7.3% (mescolate  10.1%)
ceco        Voynich, glifi                     parole vere   6.2% (   29 diverse, prime 3  65%)  lunghe   1.1%  coppie  22.1% (mescolate  21.9%)
ceco        Voynich, glifi e serie di i        parole vere   6.0% (   28 diverse, prime 3  66%)  lunghe   1.0%  coppie  20.6% (mescolate  25.0%)
ungherese   controllo positivo                 parole vere  85.8% ( 4112 diverse, prime 3  24%)  lunghe  78.0%  coppie  64.0% (mescolate  37.3%)
ungherese   controllo negativo                 parole vere  20.4% (   19 diverse, prime 3  87%)  lunghe   3.6%  coppie  23.8% (mescolate  54.1%)
ungherese   Voynich, glifi                     parole vere  17.4% (   28 diverse, prime 3  49%)  lunghe   3.3%  coppie  13.4% (mescolate  12.7%)
ungherese   Voynich, glifi e serie di i        parole vere  27.9% (   54 diverse, prime 3  34%)  lunghe  12.7%  coppie   0.9% (mescolate   1.2%)
greco       controllo positivo                 parole vere  92.1% ( 2672 diverse, prime 3  13%)  lunghe  86.6%  coppie  76.7% (mescolate  35.0%)
greco       controllo negativo                 parole vere  21.7% (   21 diverse, prime 3  74%)  lunghe   0.7%  coppie  16.3% (mescolate  16.9%)
greco       Voynich, glifi                     parole vere  15.7% (   58 diverse, prime 3  39%)  lunghe   3.2%  coppie   6.6% (mescolate   7.4%)
greco       Voynich, glifi e serie di i        parole vere  22.7% (   43 diverse, prime 3  58%)  lunghe   3.8%  coppie  11.9% (mescolate  14.3%)
ebraico     controllo positivo                 parole vere  89.2% ( 5188 diverse, prime 3   7%)  lunghe  83.6%  coppie  49.3% (mescolate  20.5%)
ebraico     controllo negativo                 parole vere  12.5% (   18 diverse, prime 3  53%)  lunghe   5.1%  coppie  15.6% (mescolate   8.8%)
ebraico     Voynich, glifi                     parole vere  12.9% (   45 diverse, prime 3  47%)  lunghe   8.3%  coppie   0.8% (mescolate   2.2%)
ebraico     Voynich, glifi e serie di i        parole vere  31.1% (   56 diverse, prime 3  47%)  lunghe  11.4%  coppie   6.1% (mescolate   6.8%)
arabo       controllo positivo                 parole vere  86.6% ( 5445 diverse, prime 3   7%)  lunghe  81.3%  coppie  53.5% (mescolate  19.6%)
arabo       controllo negativo                 parole vere  20.9% (   86 diverse, prime 3  62%)  lunghe   4.9%  coppie   7.6% (mescolate  32.0%)
arabo       Voynich, glifi                     parole vere  32.5% (   71 diverse, prime 3  25%)  lunghe  17.1%  coppie   6.7% (mescolate   6.3%)
arabo       Voynich, glifi e serie di i        parole vere  35.6% (   76 diverse, prime 3  39%)  lunghe  12.6%  coppie   5.0% (mescolate   5.7%)
turco       controllo positivo                 parole vere  86.4% ( 5669 diverse, prime 3   5%)  lunghe  84.2%  coppie  37.4% (mescolate  13.1%)
turco       controllo negativo                 parole vere  26.8% (   54 diverse, prime 3  59%)  lunghe   7.5%  coppie   0.1% (mescolate   0.0%)
turco       Voynich, glifi                     parole vere  27.9% (   68 diverse, prime 3  41%)  lunghe   9.4%  coppie   4.8% (mescolate   4.0%)
turco       Voynich, glifi e serie di i        parole vere  27.3% (   38 diverse, prime 3  68%)  lunghe   6.5%  coppie   4.9% (mescolate   3.9%)
malgascio   controllo positivo                 parole vere  69.4% (  629 diverse, prime 3  31%)  lunghe  48.3%  coppie  72.2% (mescolate  54.2%)
malgascio   controllo negativo                 parole vere  24.8% (   26 diverse, prime 3  66%)  lunghe   7.5%  coppie  18.1% (mescolate  26.4%)
malgascio   Voynich, glifi                     parole vere  25.6% (   88 diverse, prime 3  26%)  lunghe  12.9%  coppie   9.6% (mescolate   9.6%)
malgascio   Voynich, glifi e serie di i        parole vere  25.1% (   52 diverse, prime 3  53%)  lunghe   6.2%  coppie  19.5% (mescolate  15.9%)
potawatomi: testo troppo corto
chinanteco  controllo positivo                 parole vere  97.7% ( 2241 diverse, prime 3  19%)  lunghe  96.7%  coppie  86.0% (mescolate  51.7%)
chinanteco  controllo negativo                 parole vere  19.6% (    8 diverse, prime 3  75%)  lunghe   2.2%  coppie   0.1% (mescolate   0.4%)
chinanteco  Voynich, glifi                     parole vere  21.2% (    7 diverse, prime 3  89%)  lunghe  10.5%  coppie   1.5% (mescolate   1.3%)
chinanteco  Voynich, glifi e serie di i        parole vere  21.4% (    7 diverse, prime 3  90%)  lunghe   4.3%  coppie   1.3% (mescolate   2.1%)
