  controllo italiano partenza  1: addestramento 0.513 verifica 0.503 (>=4: 0.192)
  controllo italiano partenza  2: addestramento 0.511 verifica 0.502 (>=4: 0.182)
  controllo italiano partenza  3: addestramento 0.487 verifica 0.475 (>=4: 0.145)
  controllo italiano partenza  4: addestramento 0.689 verifica 0.690 (>=4: 0.509)
  controllo italiano partenza  5: addestramento 0.689 verifica 0.690 (>=4: 0.509)
  controllo italiano partenza  6: addestramento 0.506 verifica 0.498 (>=4: 0.168)
  controllo italiano partenza  7: addestramento 0.473 verifica 0.457 (>=4: 0.131)
  controllo italiano partenza  8: addestramento 0.689 verifica 0.690 (>=4: 0.509)
  controllo italiano partenza  9: addestramento 0.485 verifica 0.481 (>=4: 0.161)
  controllo italiano partenza 10: addestramento 0.689 verifica 0.690 (>=4: 0.509)
  controllo italiano partenza 11: addestramento 0.689 verifica 0.690 (>=4: 0.509)
  controllo italiano partenza 12: addestramento 0.509 verifica 0.501 (>=4: 0.175)
  controllo italiano partenza 13: addestramento 0.689 verifica 0.690 (>=4: 0.509)
  controllo italiano partenza 14: addestramento 0.689 verifica 0.690 (>=4: 0.509)
  controllo italiano partenza 15: addestramento 0.689 verifica 0.690 (>=4: 0.509)
  controllo italiano partenza 16: addestramento 0.481 verifica 0.461 (>=4: 0.134)
  controllo italiano partenza 17: addestramento 0.454 verifica 0.449 (>=4: 0.143)
  controllo italiano partenza 18: addestramento 0.689 verifica 0.690 (>=4: 0.509)
  controllo italiano partenza 19: addestramento 0.505 verifica 0.496 (>=4: 0.181)
  controllo italiano partenza 20: addestramento 0.470 verifica 0.464 (>=4: 0.136)
controllo italiano       Cheshire verifica 0.686 (>=4 0.503) | ottimizzate mediana 0.503 max 0.690 (>=4 mediana 0.187 max 0.509)
  Voynich partenza  1: addestramento 0.326 verifica 0.316 (>=4: 0.110)
  Voynich partenza  2: addestramento 0.375 verifica 0.374 (>=4: 0.166)
  Voynich partenza  3: addestramento 0.360 verifica 0.351 (>=4: 0.150)
  Voynich partenza  4: addestramento 0.300 verifica 0.298 (>=4: 0.108)
  Voynich partenza  5: addestramento 0.371 verifica 0.364 (>=4: 0.141)
  Voynich partenza  6: addestramento 0.349 verifica 0.348 (>=4: 0.133)
  Voynich partenza  7: addestramento 0.361 verifica 0.362 (>=4: 0.152)
  Voynich partenza  8: addestramento 0.356 verifica 0.345 (>=4: 0.151)
  Voynich partenza  9: addestramento 0.332 verifica 0.335 (>=4: 0.119)
  Voynich partenza 10: addestramento 0.321 verifica 0.320 (>=4: 0.133)
  Voynich partenza 11: addestramento 0.293 verifica 0.292 (>=4: 0.116)
  Voynich partenza 12: addestramento 0.352 verifica 0.344 (>=4: 0.160)
  Voynich partenza 13: addestramento 0.349 verifica 0.347 (>=4: 0.131)
  Voynich partenza 14: addestramento 0.350 verifica 0.348 (>=4: 0.132)
  Voynich partenza 15: addestramento 0.365 verifica 0.355 (>=4: 0.175)
  Voynich partenza 16: addestramento 0.319 verifica 0.326 (>=4: 0.132)
  Voynich partenza 17: addestramento 0.343 verifica 0.336 (>=4: 0.140)
  Voynich partenza 18: addestramento 0.337 verifica 0.334 (>=4: 0.157)
  Voynich partenza 19: addestramento 0.359 verifica 0.353 (>=4: 0.144)
  Voynich partenza 20: addestramento 0.332 verifica 0.325 (>=4: 0.113)
Voynich                  Cheshire verifica 0.233 (>=4 0.100) | ottimizzate mediana 0.345 max 0.374 (>=4 mediana 0.137 max 0.175)
controllo valido: True | esito: vantaggio spiegato dall'adattamento
