Voynich (ZL, segni EVA)                                 ordine rispettato  78.5%  anagrammi 35.35%  rotazioni  8.73%  (7022 parole diverse)  v q c t z p sh f ch cph cth o k ckh cfh e d s a l i h x r j y g n m b
Voynich (v101)                                          ordine rispettato  78.9%  anagrammi 26.77%  rotazioni  6.86%  (8045 parole diverse)  w 4 E k g + % j 3 f ! v 2 1 G U J K # o l W h 5 F b H t R c
Voynich, lingua A                                       ordine rispettato  79.1%  anagrammi 26.41%  rotazioni  7.75%  (3217 parole diverse)  v q c t z p k f sh ch cph cth cfh o ckh e d s a l j i h r y n g m b u
Voynich, lingua B                                       ordine rispettato  79.7%  anagrammi 29.91%  rotazioni  7.70%  (4785 parole diverse)  q p sh o c f t l k ch ckh cth cfh cph z e s d b a i u h x r j y g n m
Naibbe                                                  ordine rispettato  79.2%  anagrammi 27.28%  rotazioni  9.12%  (5600 parole diverse)  cph q x o f p t l k sh ch ckh cth e s d a y i r n g m
controllo: latino con le lettere in ordine alfabetico   ordine rispettato 100.0%  anagrammi  0.00%  rotazioni  0.00%  (5811 parole diverse)  a b c d e f g h i l m n o p q r s t u v y x z
controllo: latino con le lettere mescolate              ordine rispettato  50.6%  anagrammi 85.69%  rotazioni 22.10%  (20040 parole diverse)  z t i l m s f x n u a p r v e g d c o h q y b
testi naturali (93): ordine rispettato 0.595-0.960 (mediana 0.662); anagrammi 0.008-0.272 (mediana 0.053); rotazioni 0.000-0.119 (mediana 0.010)
Bibbia: Hebrew                                          ordine rispettato  65.0%  anagrammi 27.15%  rotazioni  8.86%  (7173 parole diverse)  w מ ב א ה ג פ ש ל ח ז כ צ ע ק נ ו ט ס ד ר ת י ם ץ ף ן ך
Bibbia: Syriac                                          ordine rispettato  67.8%  anagrammi 22.66%  rotazioni  4.86%  (6691 parole diverse)  ܕ ܒ ܫ ܠ ܡ ܚ ܙ ܨ ܥ ܤ ܦ ܩ ܛ ܓ ܟ ܘ ܬ ܪ ܝ ܢ ܐ ܗ
Bibbia: Potawatomi                                      ordine rispettato  61.5%  anagrammi 19.21%  rotazioni  2.84%  (7490 parole diverse)  g p m s h k o c i d w a l y n t u v e r
Bibbia: Maori                                           ordine rispettato  68.7%  anagrammi 15.82%  rotazioni  9.49%  (1459 parole diverse)  w h p k m t o a u r e i n g
Bibbia: Arabic                                          ordine rispettato  65.6%  anagrammi 14.58%  rotazioni  3.60%  (7879 parole diverse)  ف أ و إ ا ل آ ش خ ص غ س ت ط ح ج ث ب ي ز ق ع ظ د ؤ ك م ذ ر ض
Bibbia: Chinese (pinyin, una sillaba per parola)        ordine rispettato  96.0%  anagrammi  4.76%  rotazioni  0.00%  (798 parole diverse)  b c d f j k l ü m p q s t w x y z r h u e i a o n g 1 2 3 4
Bibbia: Vietnamese                                      ordine rispettato  79.3%  anagrammi  4.10%  rotazioni  1.61%  (1624 parole diverse)  v ð d x k b q đ l ặ j s ụ t r í ự ọ á c p ì h ư ầ ợ ơ ớ ằ ắ
Bibbia: Chinantec (Quiotepec)                           ordine rispettato  75.6%  anagrammi  0.76%  rotazioni  0.33%  (3297 parole diverse)  k c z ü d p j h l y s f n a q m i t ú g ó o u v ɨ ǿ é ø ʉ í
Bibbia: Indonesian                                      ordine rispettato  71.3%  anagrammi  5.48%  rotazioni  0.73%  (2756 parole diverse)  z q m b e d f c p j w r s o t g i u k l a h n y
Bibbia: Tamajaq (Tuareg)                                ordine rispettato  70.5%  anagrammi  7.30%  rotazioni  2.65%  (4726 parole diverse)  i ṃ ç t â ə š ó ṣ s v ṭ h j ḍ x o ŋ g ̣ m ṇ z k f w q u ɣ b
Bibbia: Amuzgo                                          ordine rispettato  70.4%  anagrammi  2.47%  rotazioni  0.58%  (4692 parole diverse)  z b f á g p k t î s x c w l q j i r n m h u a d ó ñ y e o í
Bibbia: Lukpa                                           ordine rispettato  70.4%  anagrammi  4.66%  rotazioni  2.33%  (2241 parole diverse)  ń h c k p y f t w o s ɔ ə e l u i ŋ m n ɛ á ḿ é ʋ a ɣ ɩ ́
Bibbia: Cakchiquel                                      ordine rispettato  70.4%  anagrammi  2.79%  rotazioni  0.60%  (2687 parole diverse)  x q r u y t w d á i c h z p b n g e k m í v a ˈ o l s j f ó
