e interna        occ 15818 lunga 0.56 | accordo 0.6137 nullo 0.5899 z 8.9
o iniziale       occ 14322 lunga 0.38 | accordo 0.5590 nullo 0.5484 z 3.6
y finale         occ 12174 lunga 0.42 | accordo 0.5683 nullo 0.5485 z 5.9
ch iniziale      occ 11862 lunga 0.23 | accordo 0.6883 nullo 0.6783 z 3.0
d interna        occ 11023 lunga 0.46 | accordo 0.6111 nullo 0.5692 z 11.8
d iniziale       occ 10169 lunga 0.27 | accordo 0.6592 nullo 0.6423 z 4.5
l iniziale       occ  9883 lunga 0.09 | accordo 0.8431 nullo 0.8354 z 2.6
q iniziale       occ  9505 lunga 0.46 | accordo 0.5609 nullo 0.5423 z 4.6
y iniziale       occ  8557 lunga 0.12 | accordo 0.8165 nullo 0.8053 z 3.3
k interna        occ  8286 lunga 0.50 | accordo 0.5347 nullo 0.5309 z 0.8
ch interna       occ  8193 lunga 0.19 | accordo 0.7577 nullo 0.7431 z 3.5
o interna        occ  7955 lunga 0.30 | accordo 0.7447 nullo 0.7338 z 2.6
sh iniziale      occ  7204 lunga 0.17 | accordo 0.7714 nullo 0.7468 z 5.3
k iniziale       occ  7083 lunga 0.10 | accordo 0.8257 nullo 0.8279 z -0.5
t iniziale       occ  6898 lunga 0.07 | accordo 0.8802 nullo 0.8743 z 1.5
i interna        occ  6874 lunga 0.65 | accordo 0.5574 nullo 0.5577 z -0.1
p iniziale       occ  6534 lunga 0.04 | accordo 0.9507 nullo 0.9290 z 7.0
s iniziale       occ  6052 lunga 0.10 | accordo 0.8389 nullo 0.8312 z 1.7
l interna        occ  4992 lunga 0.15 | accordo 0.7599 nullo 0.7452 z 2.2
r iniziale       occ  4652 lunga 0.05 | accordo 0.9086 nullo 0.9038 z 1.0
l finale         occ  4252 lunga 0.76 | accordo 0.7199 nullo 0.6848 z 4.5
t interna        occ  3977 lunga 0.45 | accordo 0.6233 nullo 0.5557 z 6.5
r finale         occ  3954 lunga 0.60 | accordo 0.5721 nullo 0.5537 z 1.9
ckh interna      occ  3360 lunga 0.13 | accordo 0.7871 nullo 0.7674 z 2.1
cth iniziale     occ  3097 lunga 0.10 | accordo 0.9326 nullo 0.9107 z 3.7
ckh iniziale     occ  2645 lunga 0.04 | accordo 0.9617 nullo 0.9535 z 1.6
s finale         occ  2500 lunga 0.11 | accordo 0.8419 nullo 0.8176 z 2.3
o finale         occ  2451 lunga 0.14 | accordo 0.7968 nullo 0.8052 z -0.8
sh interna       occ  2396 lunga 0.10 | accordo 0.9021 nullo 0.8702 z 3.7
a iniziale       occ  2144 lunga 0.39 | accordo 0.5505 nullo 0.5751 z -1.6
cth interna      occ  2082 lunga 0.11 | accordo 0.8273 nullo 0.8100 z 1.2
f iniziale       occ  1989 lunga 0.01 | accordo 0.9792 nullo 0.9711 z 1.3
cph iniziale     occ  1984 lunga 0.02 | accordo 0.9894 nullo 0.9852 z 1.2
d finale         occ  1930 lunga 0.07 | accordo 0.8973 nullo 0.8874 z 0.8
a interna        occ  1816 lunga 0.40 | accordo 0.6408 nullo 0.6077 z 1.7
cph interna      occ  1267 lunga 0.02 | accordo 0.9926 nullo 0.9719 z 2.2
r interna        occ  1003 lunga 0.10 | accordo 0.8647 nullo 0.8395 z 1.1
p interna        occ   967 lunga 0.23 | accordo 0.8531 nullo 0.6866 z 4.6
m finale         occ   827 lunga 0.33 | accordo 0.6434 nullo 0.6913 z -1.5
cfh iniziale     occ   800 lunga 0.01 | accordo 0.9922 nullo 0.9900 z 0.3
k finale         occ   734 lunga 0.07 | accordo 0.8810 nullo 0.8821 z -0.0
t finale         occ   463 lunga 0.08 | accordo 0.8542 nullo 0.8789 z -0.7
s interna        occ   423 lunga 0.06 | accordo 0.9429 nullo 0.9299 z 0.4
h interna        occ   415 lunga 0.06 | accordo 0.9211 nullo 0.9115 z 0.3
a finale         occ   400 lunga 0.04 | accordo 0.9474 nullo 0.9422 z 0.2
c iniziale       occ   317 lunga 0.03 | accordo 1.0000 nullo 1.0000 z 0.0
controllo q iniziale z 4.6 valido True | scelte di riga: ['e interna', 'o iniziale', 'y finale', 'ch iniziale', 'd interna', 'd iniziale', 'q iniziale', 'y iniziale', 'ch interna', 'sh iniziale', 'p iniziale', 'l finale', 't interna', 'cth iniziale', 'sh interna', 'p interna']
