e interna        occ 15818 | accordo 0.6137 nullo 0.5914 z 9.0 (e206 8.9)
o iniziale       occ 14322 | accordo 0.5590 nullo 0.5490 z 3.5 (e206 3.6)
y finale         occ 12174 | accordo 0.5683 nullo 0.5522 z 5.2 (e206 5.9)
ch iniziale      occ 11862 | accordo 0.6883 nullo 0.6728 z 5.1 (e206 3.0)
d interna        occ 11023 | accordo 0.6111 nullo 0.5733 z 10.9 (e206 11.8)
d iniziale       occ 10169 | accordo 0.6592 nullo 0.6447 z 4.1 (e206 4.5)
l iniziale       occ  9883 | accordo 0.8431 nullo 0.8365 z 2.3 (e206 2.6)
q iniziale       occ  9505 | accordo 0.5609 nullo 0.5431 z 4.3 (e206 4.6)
y iniziale       occ  8557 | accordo 0.8165 nullo 0.8080 z 2.5 (e206 3.3)
k interna        occ  8286 | accordo 0.5347 nullo 0.5309 z 0.8 (e206 0.8)
ch interna       occ  8193 | accordo 0.7577 nullo 0.7473 z 2.8 (e206 3.5)
o interna        occ  7955 | accordo 0.7447 nullo 0.7339 z 2.6 (e206 2.6)
sh iniziale      occ  7204 | accordo 0.7714 nullo 0.7520 z 4.8 (e206 5.3)
k iniziale       occ  7083 | accordo 0.8257 nullo 0.8297 z -0.9 (e206 -0.5)
t iniziale       occ  6898 | accordo 0.8802 nullo 0.8814 z -0.4 (e206 1.5)
i interna        occ  6874 | accordo 0.5574 nullo 0.5602 z -0.5 (e206 -0.1)
p iniziale       occ  6534 | accordo 0.9507 nullo 0.9477 z 1.7 (e206 7.0)
s iniziale       occ  6052 | accordo 0.8389 nullo 0.8321 z 1.8 (e206 1.7)
l interna        occ  4992 | accordo 0.7599 nullo 0.7457 z 2.4 (e206 2.2)
r iniziale       occ  4652 | accordo 0.9086 nullo 0.9091 z -0.1 (e206 1.0)
l finale         occ  4252 | accordo 0.7199 nullo 0.6880 z 4.1 (e206 4.5)
t interna        occ  3977 | accordo 0.6233 nullo 0.5662 z 6.3 (e206 6.5)
r finale         occ  3954 | accordo 0.5721 nullo 0.5499 z 2.4 (e206 1.9)
ckh interna      occ  3360 | accordo 0.7871 nullo 0.7645 z 2.4 (e206 2.1)
cth iniziale     occ  3097 | accordo 0.9326 nullo 0.9133 z 3.6 (e206 3.7)
ckh iniziale     occ  2645 | accordo 0.9617 nullo 0.9549 z 1.4 (e206 1.6)
s finale         occ  2500 | accordo 0.8419 nullo 0.8210 z 2.2 (e206 2.3)
o finale         occ  2451 | accordo 0.7968 nullo 0.8118 z -1.5 (e206 -0.8)
sh interna       occ  2396 | accordo 0.9021 nullo 0.8784 z 3.2 (e206 3.7)
a iniziale       occ  2144 | accordo 0.5505 nullo 0.5669 z -1.1 (e206 -1.6)
cth interna      occ  2082 | accordo 0.8273 nullo 0.8147 z 1.0 (e206 1.2)
f iniziale       occ  1989 | accordo 0.9792 nullo 0.9817 z -0.6 (e206 1.3)
cph iniziale     occ  1984 | accordo 0.9894 nullo 0.9883 z 0.6 (e206 1.2)
d finale         occ  1930 | accordo 0.8973 nullo 0.8795 z 1.7 (e206 0.8)
a interna        occ  1816 | accordo 0.6408 nullo 0.6176 z 1.3 (e206 1.7)
cph interna      occ  1267 | accordo 0.9926 nullo 0.9828 z 1.4 (e206 2.2)
r interna        occ  1003 | accordo 0.8647 nullo 0.8449 z 1.1 (e206 1.1)
p interna        occ   967 | accordo 0.8531 nullo 0.8261 z 1.0 (e206 4.6)
m finale         occ   827 | accordo 0.6434 nullo 0.6456 z -0.1 (e206 -1.5)
cfh iniziale     occ   800 | accordo 0.9922 nullo 0.9959 z -0.9 (e206 0.3)
k finale         occ   734 | accordo 0.8810 nullo 0.8754 z 0.2 (e206 -0.0)
t finale         occ   463 | accordo 0.8542 nullo 0.8532 z 0.0 (e206 -0.7)
s interna        occ   423 | accordo 0.9429 nullo 0.9377 z 0.2 (e206 0.4)
h interna        occ   415 | accordo 0.9211 nullo 0.9153 z 0.2 (e206 0.3)
a finale         occ   400 | accordo 0.9474 nullo 0.9084 z 1.8 (e206 0.2)
c iniziale       occ   317 | accordo 1.0000 nullo 1.0000 z 0.0 (e206 -)
