gotico     ripulito, segni EVA, controllo positivo              punteggio -2.195  copertura 60.4% (6+: 40.0%)  coppie 12.6%  parole  1322  chiave 100.0%  simboli  24    74s
gotico     ripulito, segni EVA, controllo negativo              punteggio -3.217  copertura 19.5% (6+:  1.5%)  coppie  0.0%  parole   220  simboli  24   222s
gotico     ripulito, segni EVA, Voynich                         punteggio -2.847  copertura 18.9% (6+:  4.8%)  coppie  4.1%  parole   137  simboli  24    51s
occitano   ripulito, segni EVA, controllo positivo              punteggio -1.591  copertura 80.1% (6+: 62.5%)  coppie 24.6%  parole  3717  chiave 100.0%  simboli  24   153s
occitano   ripulito, segni EVA, controllo negativo              punteggio -3.027  copertura 33.5% (6+:  2.6%)  coppie  0.1%  parole   753  simboli  24   210s
occitano   ripulito, segni EVA, Voynich                         punteggio -2.926  copertura 41.7% (6+:  5.6%)  coppie  0.0%  parole   461  simboli  24    51s
catalano   ripulito, segni EVA, controllo positivo              punteggio -1.805  copertura 75.2% (6+: 55.8%)  coppie 13.6%  parole  5040  chiave  99.6%  simboli  24   180s
catalano   ripulito, segni EVA, controllo negativo              punteggio -3.135  copertura 39.8% (6+:  3.0%)  coppie  0.1%  parole  1149  simboli  24   205s
catalano   ripulito, segni EVA, Voynich                         punteggio -2.850  copertura 49.0% (6+:  2.6%)  coppie  1.3%  parole   674  simboli  24    53s
anglosassone ripulito, segni EVA, controllo positivo              punteggio -2.167  copertura 68.5% (6+: 42.9%)  coppie 16.2%  parole  4680  chiave 100.0%  simboli  24   246s
anglosassone ripulito, segni EVA, controllo negativo              punteggio -3.195  copertura 34.9% (6+:  1.5%)  coppie  0.1%  parole   879  simboli  24   208s
anglosassone ripulito, segni EVA, Voynich                         punteggio -2.815  copertura 36.4% (6+:  2.3%)  coppie  0.0%  parole   472  simboli  24    57s
slavo ecclesiastico ripulito, segni EVA, controllo positivo              punteggio -2.708  copertura 45.1% (6+: 25.4%)  coppie 37.1%  parole   655  chiave  89.3%  simboli  24    38s
slavo ecclesiastico ripulito, segni EVA, controllo negativo              punteggio -4.289  copertura  5.9% (6+:  0.1%)  coppie  0.0%  parole   150  simboli  24   239s
slavo ecclesiastico ripulito, segni EVA, Voynich                         punteggio -3.665  copertura 13.1% (6+:  0.0%)  coppie  1.3%  parole    90  simboli  24    44s
alemanno   ripulito, segni EVA, controllo positivo              punteggio -2.072  copertura 75.9% (6+: 47.7%)  coppie 10.2%  parole  6008  chiave 100.0%  simboli  24   243s
alemanno   ripulito, segni EVA, controllo negativo              punteggio -3.073  copertura 48.5% (6+:  2.1%)  coppie  0.1%  parole  1577  simboli  24   173s
alemanno   ripulito, segni EVA, Voynich                         punteggio -2.746  copertura 55.3% (6+:  3.1%)  coppie  4.3%  parole   831  simboli  24    37s
veneto     ripulito, segni EVA, controllo positivo              punteggio -2.083  copertura 68.7% (6+: 39.1%)  coppie 10.0%  parole  3662  chiave 100.0%  simboli  24   157s
veneto     ripulito, segni EVA, controllo negativo              punteggio -3.176  copertura 28.7% (6+:  1.1%)  coppie  0.0%  parole   863  simboli  24   168s
veneto     ripulito, segni EVA, Voynich                         punteggio -2.755  copertura 34.9% (6+:  3.5%)  coppie  0.6%  parole   460  simboli  24    37s
bavarese   ripulito, segni EVA, controllo positivo              punteggio -2.176  copertura 72.7% (6+: 41.8%)  coppie  6.7%  parole  5808  chiave 100.0%  simboli  24   249s
bavarese   ripulito, segni EVA, controllo negativo              punteggio -2.998  copertura 47.3% (6+:  1.8%)  coppie  0.4%  parole  1005  simboli  24   167s
bavarese   ripulito, segni EVA, Voynich                         punteggio -2.824  copertura 54.0% (6+:  5.0%)  coppie  0.5%  parole   661  simboli  24    37s
lombardo   ripulito, segni EVA, controllo positivo              punteggio -2.128  copertura 67.8% (6+: 41.5%)  coppie 14.9%  parole  3744  chiave 100.0%  simboli  24   158s
lombardo   ripulito, segni EVA, controllo negativo              punteggio -2.971  copertura 34.7% (6+:  1.3%)  coppie  0.0%  parole   889  simboli  24   159s
lombardo   ripulito, segni EVA, Voynich                         punteggio -2.632  copertura 36.4% (6+:  3.4%)  coppie  0.0%  parole   308  simboli  24    39s
friulano   ripulito, segni EVA, controllo positivo              punteggio -2.426  copertura 57.5% (6+: 30.1%)  coppie 14.4%  parole  2598  chiave 100.0%  simboli  24   100s
friulano   ripulito, segni EVA, controllo negativo              punteggio -3.141  copertura 24.1% (6+:  1.2%)  coppie  0.2%  parole   666  simboli  24   162s
friulano   ripulito, segni EVA, Voynich                         punteggio -2.929  copertura 25.2% (6+:  0.7%)  coppie  0.0%  parole   350  simboli  24    38s
siciliano  ripulito, segni EVA, controllo positivo              punteggio -1.928  copertura 71.7% (6+: 49.0%)  coppie 18.9%  parole  4128  chiave  99.7%  simboli  24   132s
siciliano  ripulito, segni EVA, controllo negativo              punteggio -3.022  copertura 32.6% (6+:  2.9%)  coppie  0.2%  parole   719  simboli  24   160s
siciliano  ripulito, segni EVA, Voynich                         punteggio -2.825  copertura 38.7% (6+:  4.1%)  coppie  0.1%  parole   490  simboli  24    38s
napoletano ripulito, segni EVA, controllo positivo              punteggio -1.982  copertura 73.9% (6+: 48.5%)  coppie 19.7%  parole  4230  chiave  99.8%  simboli  24   144s
napoletano ripulito, segni EVA, controllo negativo              punteggio -3.046  copertura 32.5% (6+:  1.6%)  coppie  0.0%  parole   682  simboli  24   160s
napoletano ripulito, segni EVA, Voynich                         punteggio -2.812  copertura 38.6% (6+:  8.4%)  coppie  0.1%  parole   499  simboli  24    38s
ladino     ripulito, segni EVA, controllo positivo              punteggio -1.952  copertura 71.3% (6+: 49.1%)  coppie 20.1%  parole  4399  chiave  99.7%  simboli  24   145s
ladino     ripulito, segni EVA, controllo negativo              punteggio -3.072  copertura 32.6% (6+:  2.0%)  coppie  0.0%  parole   698  simboli  24   152s
ladino     ripulito, segni EVA, Voynich                         punteggio -2.900  copertura 31.5% (6+:  2.4%)  coppie  0.1%  parole   445  simboli  24    36s
franco-provenzale ripulito, segni EVA, controllo positivo              punteggio -2.348  copertura 59.0% (6+: 36.2%)  coppie 37.5%  parole  1851  chiave 100.0%  simboli  24    70s
franco-provenzale ripulito, segni EVA, controllo negativo              punteggio -3.245  copertura 32.1% (6+:  1.2%)  coppie  0.6%  parole   514  simboli  24   135s
franco-provenzale ripulito, segni EVA, Voynich                         punteggio -3.239  copertura 19.0% (6+:  0.4%)  coppie 14.9%  parole   313  simboli  24    29s
piccardo   ripulito, segni EVA, controllo positivo              punteggio -2.070  copertura 69.5% (6+: 41.7%)  coppie 26.2%  parole  3919  chiave 100.0%  simboli  24   144s
piccardo   ripulito, segni EVA, controllo negativo              punteggio -2.940  copertura 38.8% (6+:  2.1%)  coppie  0.1%  parole   754  simboli  24   117s
piccardo   ripulito, segni EVA, Voynich                         punteggio -2.806  copertura 44.1% (6+:  1.9%)  coppie  0.0%  parole   469  simboli  24    26s
latino abbreviato ripulito, segni EVA, controllo positivo              punteggio -2.201  copertura 71.2% (6+: 24.1%)  coppie 29.5%  parole  4118  chiave  97.7%  simboli  24   157s
latino abbreviato ripulito, segni EVA, controllo negativo              punteggio -3.317  copertura 30.6% (6+:  2.2%)  coppie  0.8%  parole   487  simboli  24   106s
latino abbreviato ripulito, segni EVA, Voynich                         punteggio -2.920  copertura 43.8% (6+:  4.9%)  coppie  0.1%  parole   415  simboli  24    24s
nessuna lettura []
