Voynich                      h2 2,24  spazio_spi 66%  tipi_su_pa 21%  hapax 68%  identiche_ ×1,01  somiglianz 3,8%  somiglianz 3,4%  confine 0,188  unione_att 8,8%  lung_media 4,46  ordine_ris 78,5%  anagrammi 35,4%
forza 0, seme 19             h2 2,25  spazio_spi 54%  tipi_su_pa 15%  hapax 53%  identiche_ ×0,77  somiglianz 3,8%  somiglianz 3,4%  confine 0,019  unione_att 12,7%  lung_media 4,16  ordine_ris 72,9%  anagrammi 46,2%
forza 0, seme 1              h2 2,26  spazio_spi 53%  tipi_su_pa 13%  hapax 52%  identiche_ ×0,78  somiglianz 3,5%  somiglianz 3,2%  confine 0,017  unione_att 14,3%  lung_media 3,95  ordine_ris 73,5%  anagrammi 44,1%
forza 0, seme 2              h2 2,23  spazio_spi 55%  tipi_su_pa 13%  hapax 53%  identiche_ ×0,75  somiglianz 3,8%  somiglianz 3,2%  confine 0,017  unione_att 14,8%  lung_media 3,92  ordine_ris 74,1%  anagrammi 45,4%
forza 0, seme 3              h2 2,23  spazio_spi 51%  tipi_su_pa 14%  hapax 53%  identiche_ ×0,72  somiglianz 3,8%  somiglianz 3,5%  confine 0,018  unione_att 15,1%  lung_media 4,01  ordine_ris 72,4%  anagrammi 45,9%
forza 0, seme 4              h2 2,23  spazio_spi 57%  tipi_su_pa 14%  hapax 51%  identiche_ ×0,78  somiglianz 3,9%  somiglianz 3,5%  confine 0,007  unione_att 12,9%  lung_media 4,13  ordine_ris 72,2%  anagrammi 42,2%
forza 1, seme 19             h2 2,18  spazio_spi 60%  tipi_su_pa 12%  hapax 51%  identiche_ ×0,71  somiglianz 3,3%  somiglianz 2,8%  confine 0,069  unione_att 12,8%  lung_media 4,07  ordine_ris 74,1%  anagrammi 43,7%
forza 1, seme 1              h2 2,23  spazio_spi 56%  tipi_su_pa 13%  hapax 51%  identiche_ ×0,74  somiglianz 3,2%  somiglianz 2,8%  confine 0,061  unione_att 13,1%  lung_media 3,98  ordine_ris 75,1%  anagrammi 44,6%
forza 1, seme 2              h2 2,21  spazio_spi 56%  tipi_su_pa 14%  hapax 52%  identiche_ ×0,74  somiglianz 4,0%  somiglianz 3,5%  confine 0,060  unione_att 13,1%  lung_media 4,10  ordine_ris 74,2%  anagrammi 44,2%
forza 1, seme 3              h2 2,24  spazio_spi 57%  tipi_su_pa 14%  hapax 53%  identiche_ ×0,78  somiglianz 3,5%  somiglianz 3,1%  confine 0,062  unione_att 12,1%  lung_media 4,07  ordine_ris 74,6%  anagrammi 45,1%
forza 1, seme 4              h2 2,26  spazio_spi 55%  tipi_su_pa 14%  hapax 52%  identiche_ ×0,70  somiglianz 3,7%  somiglianz 3,3%  confine 0,061  unione_att 12,7%  lung_media 4,02  ordine_ris 74,5%  anagrammi 44,4%
forza 2, seme 19             h2 2,27  spazio_spi 58%  tipi_su_pa 14%  hapax 53%  identiche_ ×0,69  somiglianz 3,7%  somiglianz 3,4%  confine 0,120  unione_att 12,1%  lung_media 4,09  ordine_ris 73,5%  anagrammi 44,9%
forza 2, seme 1              h2 2,28  spazio_spi 57%  tipi_su_pa 15%  hapax 52%  identiche_ ×0,75  somiglianz 3,4%  somiglianz 3,1%  confine 0,130  unione_att 10,0%  lung_media 4,20  ordine_ris 74,7%  anagrammi 43,7%
forza 2, seme 2              h2 2,20  spazio_spi 61%  tipi_su_pa 13%  hapax 51%  identiche_ ×0,66  somiglianz 3,6%  somiglianz 3,7%  confine 0,124  unione_att 10,3%  lung_media 4,11  ordine_ris 75,8%  anagrammi 44,0%
forza 2, seme 3              h2 2,23  spazio_spi 59%  tipi_su_pa 13%  hapax 51%  identiche_ ×0,83  somiglianz 3,4%  somiglianz 3,1%  confine 0,130  unione_att 12,1%  lung_media 4,11  ordine_ris 74,5%  anagrammi 44,4%
forza 2, seme 4              h2 2,18  spazio_spi 53%  tipi_su_pa 14%  hapax 53%  identiche_ ×0,76  somiglianz 3,4%  somiglianz 3,3%  confine 0,130  unione_att 13,0%  lung_media 4,24  ordine_ris 73,3%  anagrammi 45,2%
forza 3, seme 19             h2 2,21  spazio_spi 60%  tipi_su_pa 13%  hapax 50%  identiche_ ×0,88  somiglianz 3,4%  somiglianz 3,5%  confine 0,179  unione_att 12,4%  lung_media 4,12  ordine_ris 74,7%  anagrammi 44,8%
forza 3, seme 1              h2 2,29  spazio_spi 58%  tipi_su_pa 14%  hapax 51%  identiche_ ×0,81  somiglianz 3,4%  somiglianz 2,9%  confine 0,181  unione_att 11,4%  lung_media 4,10  ordine_ris 74,4%  anagrammi 46,7%
forza 3, seme 2              h2 2,26  spazio_spi 56%  tipi_su_pa 14%  hapax 52%  identiche_ ×0,76  somiglianz 3,6%  somiglianz 3,5%  confine 0,176  unione_att 10,7%  lung_media 4,18  ordine_ris 73,8%  anagrammi 43,0%
forza 3, seme 3              h2 2,21  spazio_spi 60%  tipi_su_pa 13%  hapax 49%  identiche_ ×0,87  somiglianz 2,9%  somiglianz 2,7%  confine 0,175  unione_att 12,2%  lung_media 4,11  ordine_ris 74,9%  anagrammi 43,0%
forza 3, seme 4              h2 2,20  spazio_spi 58%  tipi_su_pa 13%  hapax 52%  identiche_ ×0,72  somiglianz 2,8%  somiglianz 2,7%  confine 0,182  unione_att 12,4%  lung_media 4,15  ordine_ris 74,3%  anagrammi 43,0%
suggerimenti al 20% invece d h2 2,16  spazio_spi 60%  tipi_su_pa 12%  hapax 51%  identiche_ ×0,74  somiglianz 2,6%  somiglianz 2,6%  confine 0,196  unione_att 13,6%  lung_media 4,05  ordine_ris 75,3%  anagrammi 44,6%
suggerimenti scelti a caso   h2 2,26  spazio_spi 57%  tipi_su_pa 15%  hapax 51%  identiche_ ×0,80  somiglianz 2,9%  somiglianz 2,8%  confine 0,171  unione_att 12,2%  lung_media 4,16  ordine_ris 74,1%  anagrammi 45,7%
niente suggerimenti          h2 2,25  spazio_spi 57%  tipi_su_pa 14%  hapax 51%  identiche_ ×0,82  somiglianz 3,3%  somiglianz 3,1%  confine 0,170  unione_att 11,6%  lung_media 3,97  ordine_ris 74,7%  anagrammi 48,6%
aggiungi e togli al 40% inve h2 2,16  spazio_spi 62%  tipi_su_pa 11%  hapax 50%  identiche_ ×0,76  somiglianz 3,0%  somiglianz 2,9%  confine 0,199  unione_att 12,4%  lung_media 4,14  ordine_ris 75,4%  anagrammi 44,3%
unisci e dividi al 50% invec h2 2,19  spazio_spi 55%  tipi_su_pa 14%  hapax 50%  identiche_ ×0,84  somiglianz 3,3%  somiglianz 3,1%  confine 0,154  unione_att 15,0%  lung_media 4,33  ordine_ris 73,8%  anagrammi 45,7%
parole strane ammesse (error h2 2,30  spazio_spi 56%  tipi_su_pa 15%  hapax 54%  identiche_ ×0,76  somiglianz 3,1%  somiglianz 2,9%  confine 0,191  unione_att 11,8%  lung_media 4,08  ordine_ris 75,7%  anagrammi 47,1%
mai la parola appena scritta h2 1,83  spazio_spi 66%  tipi_su_pa 10%  hapax 50%  identiche_ ×0,74  somiglianz 1,6%  somiglianz 2,7%  confine 0,151  unione_att 3,0%  lung_media 4,99  ordine_ris 79,8%  anagrammi 36,0%
