partenza {'alfa': 1.0, 'tau': 0.0, 'ell': 0.0, 'kappa': 1.0, 'chi': 0.2}: AUC 0.863
  alfa=1.3: AUC 0.898 (tipi pagina 0.635, fra le 100 0.456, uniche 0.102, vicine 0.211, lunghezza 4.04)
  alfa=1.6: AUC 0.909 (tipi pagina 0.601, fra le 100 0.499, uniche 0.094, vicine 0.224, lunghezza 3.99)
passata 1, alfa: tengo 1.0 (AUC 0.863)
  tau=0.5: AUC 0.891 (tipi pagina 0.708, fra le 100 0.409, uniche 0.125, vicine 0.201, lunghezza 4.12)
  tau=1.0: AUC 0.960 (tipi pagina 0.746, fra le 100 0.387, uniche 0.133, vicine 0.195, lunghezza 4.09)
passata 1, tau: tengo 0.0 (AUC 0.863)
  ell=0.5: AUC 0.882 (tipi pagina 0.679, fra le 100 0.392, uniche 0.119, vicine 0.212, lunghezza 4.27)
  ell=1.0: AUC 0.878 (tipi pagina 0.683, fra le 100 0.383, uniche 0.130, vicine 0.225, lunghezza 4.48)
passata 1, ell: tengo 0.0 (AUC 0.863)
  kappa=0.5: AUC 0.878 (tipi pagina 0.669, fra le 100 0.410, uniche 0.109, vicine 0.205, lunghezza 4.14)
  kappa=1.5: AUC 0.878 (tipi pagina 0.665, fra le 100 0.426, uniche 0.117, vicine 0.208, lunghezza 4.12)
passata 1, kappa: tengo 1.0 (AUC 0.863)
  chi=0.1: AUC 0.901 (tipi pagina 0.661, fra le 100 0.431, uniche 0.114, vicine 0.200, lunghezza 4.13)
  chi=0.3: AUC 0.891 (tipi pagina 0.667, fra le 100 0.428, uniche 0.115, vicine 0.209, lunghezza 4.09)
passata 1, chi: tengo 0.2 (AUC 0.863)
  alfa=1.3: AUC 0.898 (tipi pagina 0.635, fra le 100 0.456, uniche 0.102, vicine 0.211, lunghezza 4.04)
  alfa=1.6: AUC 0.909 (tipi pagina 0.601, fra le 100 0.499, uniche 0.094, vicine 0.224, lunghezza 3.99)
passata 2, alfa: tengo 1.0 (AUC 0.863)
  tau=0.5: AUC 0.891 (tipi pagina 0.708, fra le 100 0.409, uniche 0.125, vicine 0.201, lunghezza 4.12)
  tau=1.0: AUC 0.960 (tipi pagina 0.746, fra le 100 0.387, uniche 0.133, vicine 0.195, lunghezza 4.09)
passata 2, tau: tengo 0.0 (AUC 0.863)
  ell=0.5: AUC 0.882 (tipi pagina 0.679, fra le 100 0.392, uniche 0.119, vicine 0.212, lunghezza 4.27)
  ell=1.0: AUC 0.878 (tipi pagina 0.683, fra le 100 0.383, uniche 0.130, vicine 0.225, lunghezza 4.48)
passata 2, ell: tengo 0.0 (AUC 0.863)
  kappa=0.5: AUC 0.878 (tipi pagina 0.669, fra le 100 0.410, uniche 0.109, vicine 0.205, lunghezza 4.14)
  kappa=1.5: AUC 0.878 (tipi pagina 0.665, fra le 100 0.426, uniche 0.117, vicine 0.208, lunghezza 4.12)
passata 2, kappa: tengo 1.0 (AUC 0.863)
  chi=0.1: AUC 0.901 (tipi pagina 0.661, fra le 100 0.431, uniche 0.114, vicine 0.200, lunghezza 4.13)
  chi=0.3: AUC 0.891 (tipi pagina 0.667, fra le 100 0.428, uniche 0.115, vicine 0.209, lunghezza 4.09)
passata 2, chi: tengo 0.2 (AUC 0.863)
finale {'alfa': 1.0, 'tau': 0.0, 'ell': 0.0, 'kappa': 1.0, 'chi': 0.2}: AUC ricerca 0.863; verifica partenza 0.889, finale 0.889 -> nessun miglioramento netto
