gradi U, S, B | italiano | prima parola | Voynich                                z=  1.12 p=0.130
gradi U, S, B | italiano | prima parola | nome cifrato (controllo positivo)      z=  5.93 p=0.001
gradi U, S, B | italiano | prima parola | nome cifrato, 20% di segni sbagliati   z=  4.66 p=0.001
gradi U, S, B | italiano | prima riga | Voynich                                  z=  1.43 p=0.091
gradi U, S, B | italiano | prima riga | nome cifrato (controllo positivo)        z=  1.35 p=0.099
gradi U, S, B | italiano | prima riga | nome cifrato, 20% di segni sbagliati     z=  1.38 p=0.094
gradi U, S, B | latino | prima parola | Voynich                                  z=  1.59 p=0.053
gradi U, S, B | latino | prima parola | nome cifrato (controllo positivo)        z=  5.14 p=0.001
gradi U, S, B | latino | prima parola | nome cifrato, 20% di segni sbagliati     z=  1.35 p=0.098
gradi U, S, B | latino | prima riga | Voynich                                    z=  0.64 p=0.249
gradi U, S, B | latino | prima riga | nome cifrato (controllo positivo)          z=  3.10 p=0.002
gradi U, S, B | latino | prima riga | nome cifrato, 20% di segni sbagliati       z=  0.83 p=0.209
tutti | italiano | prima parola | Voynich                                        z=  0.87 p=0.191
tutti | italiano | prima parola | nome cifrato (controllo positivo)              z= 20.14 p=0.001
tutti | italiano | prima parola | nome cifrato, 20% di segni sbagliati           z= 10.29 p=0.001
tutti | italiano | prima riga | Voynich                                          z= -1.13 p=0.875
tutti | italiano | prima riga | nome cifrato (controllo positivo)                z=  2.82 p=0.003
tutti | italiano | prima riga | nome cifrato, 20% di segni sbagliati             z=  1.54 p=0.054
tutti | latino | prima parola | Voynich                                          z=  0.36 p=0.364
tutti | latino | prima parola | nome cifrato (controllo positivo)                z= 19.38 p=0.001
tutti | latino | prima parola | nome cifrato, 20% di segni sbagliati             z= 12.95 p=0.001
tutti | latino | prima riga | Voynich                                            z= -1.09 p=0.876
tutti | latino | prima riga | nome cifrato (controllo positivo)                  z=  5.81 p=0.001
tutti | latino | prima riga | nome cifrato, 20% di segni sbagliati               z=  2.24 p=0.013
