e241: pagella 14 riga True | AUC e266 0.956 e231 0.882
c001: pagella 7 riga False | AUC e266 1.000 e231 1.000
c002: pagella 10 riga True | AUC e266 0.993 e231 0.982
c003: pagella 6 riga False | AUC e266 1.000 e231 0.999
c004: pagella 4 riga False | AUC e266 1.000 e231 0.999
c005: pagella 8 riga False | AUC e266 0.999 e231 0.994
c006: pagella 6 riga True | AUC e266 1.000 e231 1.000
c007: pagella 10 riga False | AUC e266 0.994 e231 0.967
c008: pagella 6 riga False | AUC e266 1.000 e231 0.996
c009: pagella 8 riga False | AUC e266 0.999 e231 0.996
c010: pagella 6 riga False | AUC e266 0.998 e231 0.997
c011: pagella 8 riga True | AUC e266 0.998 e231 0.987
c012: pagella 4 riga False | AUC e266 0.998 e231 0.998
c013: pagella 7 riga False | AUC e266 0.999 e231 0.999
c014: pagella 8 riga True | AUC e266 0.999 e231 0.997
c015: pagella 12 riga False | AUC e266 0.980 e231 0.947
c016: pagella 4 riga False | AUC e266 1.000 e231 0.998
c017: pagella 12 riga True | AUC e266 0.987 e231 0.968
c018: pagella 6 riga False | AUC e266 0.999 e231 0.999
c019: pagella 6 riga False | AUC e266 0.982 e231 0.943
c020: pagella 8 riga False | AUC e266 0.999 e231 0.991
c021: pagella 5 riga False | AUC e266 0.999 e231 0.997
c022: pagella 5 riga True | AUC e266 0.999 e231 0.997
c023: pagella 5 riga True | AUC e266 1.000 e231 0.997
c024: pagella 6 riga True | AUC e266 0.999 e231 0.997
c025: pagella 6 riga False | AUC e266 0.999 e231 0.996
c026: pagella 7 riga False | AUC e266 0.999 e231 0.994
c027: pagella 9 riga True | AUC e266 0.998 e231 0.993
c028: pagella 7 riga False | AUC e266 0.995 e231 0.993
c029: pagella 6 riga True | AUC e266 0.996 e231 0.996
c030: pagella 4 riga True | AUC e266 1.000 e231 0.999
c031: pagella 8 riga True | AUC e266 1.000 e231 0.998
c032: pagella 10 riga True | AUC e266 0.984 e231 0.953
c033: pagella 8 riga True | AUC e266 0.996 e231 0.993
c034: pagella 9 riga True | AUC e266 0.972 e231 0.911
c035: pagella 10 riga True | AUC e266 0.979 e231 0.928
c036: pagella 7 riga True | AUC e266 0.999 e231 0.997
c037: pagella 12 riga False | AUC e266 0.997 e231 0.992
c038: pagella 7 riga False | AUC e266 0.999 e231 0.996
c039: pagella 5 riga True | AUC e266 1.000 e231 0.999
c040: pagella 9 riga True | AUC e266 0.998 e231 0.983
c041: pagella 5 riga False | AUC e266 0.998 e231 0.998
c042: pagella 14 riga True | AUC e266 0.987 e231 0.962
c043: pagella 11 riga True | AUC e266 0.981 e231 0.952
c044: pagella 12 riga True | AUC e266 0.988 e231 0.954
c045: pagella 6 riga True | AUC e266 1.000 e231 0.999
c046: pagella 7 riga False | AUC e266 0.999 e231 0.999
c047: pagella 6 riga True | AUC e266 0.999 e231 0.998
c048: pagella 5 riga True | AUC e266 0.999 e231 0.998
c049: pagella 9 riga False | AUC e266 0.992 e231 0.949
c050: pagella 6 riga False | AUC e266 0.999 e231 0.997
c051: pagella 14 riga True | AUC e266 0.936 e231 0.874
c052: pagella 5 riga False | AUC e266 1.000 e231 0.996
c053: pagella 5 riga False | AUC e266 0.997 e231 0.991
c054: pagella 6 riga False | AUC e266 0.999 e231 0.997
c055: pagella 7 riga False | AUC e266 0.999 e231 0.998
c056: pagella 6 riga False | AUC e266 0.999 e231 0.997
c057: pagella 5 riga False | AUC e266 0.997 e231 0.995
c058: pagella 7 riga False | AUC e266 0.998 e231 0.997
c059: pagella 13 riga True | AUC e266 0.982 e231 0.950
c060: pagella 6 riga False | AUC e266 0.999 e231 0.999
c061: pagella 6 riga False | AUC e266 1.000 e231 0.998
c062: pagella 5 riga False | AUC e266 1.000 e231 1.000
c063: pagella 10 riga False | AUC e266 0.981 e231 0.940
c064: pagella 6 riga False | AUC e266 1.000 e231 1.000
c065: pagella 7 riga True | AUC e266 0.995 e231 0.988
c066: pagella 6 riga False | AUC e266 0.999 e231 0.996
c067: pagella 10 riga True | AUC e266 0.992 e231 0.977
c068: pagella 6 riga True | AUC e266 0.999 e231 0.999
c069: pagella 10 riga True | AUC e266 0.967 e231 0.904
c070: pagella 11 riga True | AUC e266 0.985 e231 0.954
c071: pagella 11 riga False | AUC e266 0.992 e231 0.976
c072: pagella 7 riga True | AUC e266 0.994 e231 0.982
c073: pagella 7 riga True | AUC e266 0.985 e231 0.962
c074: pagella 4 riga False | AUC e266 0.998 e231 0.997
c075: pagella 5 riga False | AUC e266 0.999 e231 0.998
c076: pagella 7 riga True | AUC e266 0.998 e231 0.998
c077: pagella 11 riga False | AUC e266 0.988 e231 0.967
c078: pagella 3 riga False | AUC e266 0.997 e231 0.994
c079: pagella 10 riga True | AUC e266 0.982 e231 0.948
c080: pagella 5 riga False | AUC e266 1.000 e231 0.999
c081: pagella 10 riga False | AUC e266 0.988 e231 0.919
c082: pagella 8 riga False | AUC e266 0.995 e231 0.986
c083: pagella 10 riga True | AUC e266 0.997 e231 0.996
c084: pagella 5 riga False | AUC e266 1.000 e231 0.999
c085: pagella 11 riga False | AUC e266 0.975 e231 0.951
c086: pagella 11 riga False | AUC e266 0.999 e231 0.997
c087: pagella 5 riga False | AUC e266 1.000 e231 0.999
c088: pagella 4 riga False | AUC e266 1.000 e231 1.000
c089: pagella 10 riga True | AUC e266 0.990 e231 0.970
c090: pagella 8 riga False | AUC e266 0.995 e231 0.986
c091: pagella 8 riga False | AUC e266 0.999 e231 0.998
c092: pagella 5 riga False | AUC e266 0.999 e231 0.998
c093: pagella 7 riga False | AUC e266 1.000 e231 0.997
c094: pagella 9 riga False | AUC e266 0.994 e231 0.950
c095: pagella 4 riga False | AUC e266 0.999 e231 0.998
c096: pagella 9 riga False | AUC e266 0.985 e231 0.898
a001: pagella 12 riga True | AUC e266 0.963 e231 0.916
a002: pagella 11 riga True | AUC e266 0.913 e231 0.868
a003: pagella 13 riga True | AUC e266 0.974 e231 0.934
a004: pagella 13 riga True | AUC e266 0.955 e231 0.879
a005: pagella 15 riga False | AUC e266 0.976 e231 0.922
a006: pagella 13 riga False | AUC e266 0.955 e231 0.850
a007: pagella 14 riga False | AUC e266 0.966 e231 0.862
a008: pagella 13 riga True | AUC e266 0.933 e231 0.870
a009: pagella 13 riga True | AUC e266 0.953 e231 0.853
a010: pagella 14 riga False | AUC e266 0.943 e231 0.879
a011: pagella 12 riga True | AUC e266 0.963 e231 0.914
a012: pagella 14 riga True | AUC e266 0.962 e231 0.906
a013: pagella 13 riga True | AUC e266 0.940 e231 0.877
a014: pagella 13 riga True | AUC e266 0.946 e231 0.891
a015: pagella 11 riga True | AUC e266 0.971 e231 0.915
a016: pagella 14 riga False | AUC e266 0.934 e231 0.851
a017: pagella 15 riga True | AUC e266 0.910 e231 0.840
a018: pagella 13 riga True | AUC e266 0.951 e231 0.901
a019: pagella 13 riga True | AUC e266 0.948 e231 0.871
a020: pagella 14 riga True | AUC e266 0.970 e231 0.928
a021: pagella 11 riga True | AUC e266 0.919 e231 0.841
a022: pagella 12 riga True | AUC e266 0.929 e231 0.828
a023: pagella 12 riga True | AUC e266 0.981 e231 0.937
a024: pagella 14 riga True | AUC e266 0.953 e231 0.901
scelta a017: AUC e266 0.910 (e241 0.956) | {'alfa': 1.2319811285194202, 'kappa': 1.8077757415020965, 'chi': 0.0015235352090369365, 'nu': 0.35425080831624056, 'lam': 1.3765089200510374, 'eta': 0.18617915054292772, 'gamma': 0.0, 'delta': 0.33633769665812685, 'psi': 0.03141219102019342, 'phi': 0.0, 'sigma_post': 0.04134603055075953, 'pi_post': 0.34081050774794364, 'k': 8}
verifica seme 7 e241: pagella 15 riga True mancano ['ripetizione', 'profilo pagina', 'verticale'] | AUC e231 0.887 e266 0.966
verifica seme 7 a017: pagella 13 riga True mancano ['omogeneità', 'deriva', 'verticale', 'formule', 'bordo di riga'] | AUC e231 0.868 e266 0.938
verifica seme 8 e241: pagella 15 riga False mancano ['spazio', 'ripetizione', 'verticale'] | AUC e231 0.854 e266 0.953
verifica seme 8 a017: pagella 14 riga True mancano ['omogeneità', 'verticale', 'formule', 'bordo di riga'] | AUC e231 0.891 e266 0.935
verifica seme 9 e241: pagella 15 riga True mancano ['spazio', 'ripetizione', 'verticale'] | AUC e231 0.879 e266 0.965
verifica seme 9 a017: pagella 13 riga True mancano ['omogeneità', 'deriva', 'verticale', 'formule', 'bordo di riga'] | AUC e231 0.910 e266 0.969
non migliore
