tau 0 identico a corpo2 (e288): True
scelta tau 0.0, rip 0.5, phi 0.10   seme 1: pagella 18 riga True mancano [] | AUC e266 0.937 G3 0.866 G6 0.719
scelta tau 0.0, rip 0.5, phi 0.15   seme 2: pagella 16 riga True mancano ['curva piatta', 'formule'] | AUC e266 0.941 G3 0.877 G6 0.745
scelta tau 0.0, rip 0.5, phi 0.15   seme 1: pagella 17 riga True mancano ['formule'] | AUC e266 0.941 G3 0.879 G6 0.729
scelta tau 0.0, rip 0.4, phi 0.10   seme 1: pagella 17 riga False mancano ['formule'] | AUC e266 0.917 G3 0.839 G6 0.699
scelta tau 0.0, rip 0.4, phi 0.15   seme 1: pagella 17 riga True mancano ['formule'] | AUC e266 0.949 G3 0.854 G6 0.725
scelta tau 0.0, rip 0.4, phi 0.15   seme 2: pagella 17 riga True mancano ['formule'] | AUC e266 0.936 G3 0.853 G6 0.710
scelta tau 0.0, rip 0.4, phi 0.10   seme 2: pagella 17 riga True mancano ['formule'] | AUC e266 0.952 G3 0.859 G6 0.684
scelta tau 0.0, rip 0.5, phi 0.10   seme 2: pagella 16 riga False mancano ['gradiente', 'formule'] | AUC e266 0.926 G3 0.862 G6 0.730
scelta tau 0.0, rip 0.6, phi 0.10   seme 2: pagella 17 riga False mancano ['gradiente'] | AUC e266 0.946 G3 0.849 G6 0.736
scelta tau 0.5, rip 0.4, phi 0.10   seme 1: pagella 16 riga True mancano ['Zipf', 'formule'] | AUC e266 0.962 G3 0.867 G6 0.765
scelta tau 0.0, rip 0.6, phi 0.15   seme 1: pagella 18 riga True mancano [] | AUC e266 0.921 G3 0.844 G6 0.711
scelta tau 0.0, rip 0.6, phi 0.10   seme 1: pagella 15 riga True mancano ['gradiente', 'profilo pagina', 'formule'] | AUC e266 0.927 G3 0.887 G6 0.740
scelta tau 0.5, rip 0.4, phi 0.10   seme 2: pagella 16 riga True mancano ['profilo pagina', 'formule'] | AUC e266 0.954 G3 0.854 G6 0.775
scelta tau 0.5, rip 0.4, phi 0.15   seme 1: pagella 17 riga True mancano ['profilo pagina'] | AUC e266 0.949 G3 0.846 G6 0.768
scelta tau 0.5, rip 0.4, phi 0.15   seme 2: pagella 17 riga True mancano ['curva piatta'] | AUC e266 0.945 G3 0.856 G6 0.762
scelta tau 0.0, rip 0.6, phi 0.15   seme 2: pagella 16 riga False mancano ['ripetizione', 'formule'] | AUC e266 0.943 G3 0.868 G6 0.789
scelta tau 0.5, rip 0.5, phi 0.15   seme 1: pagella 15 riga True mancano ['ripetizione', 'gradiente', 'Zipf'] | AUC e266 0.928 G3 0.852 G6 0.774
scelta tau 0.5, rip 0.5, phi 0.10   seme 2: pagella 14 riga True mancano ['gradiente', 'profilo pagina', 'Zipf', 'formule'] | AUC e266 0.957 G3 0.868 G6 0.780
scelta tau 0.5, rip 0.6, phi 0.10   seme 1: pagella 15 riga True mancano ['ripetizione', 'profilo pagina', 'formule'] | AUC e266 0.932 G3 0.857 G6 0.785
scelta tau 0.5, rip 0.5, phi 0.10   seme 1: pagella 16 riga True mancano ['ripetizione', 'profilo pagina'] | AUC e266 0.936 G3 0.846 G6 0.771
scelta tau 0.5, rip 0.5, phi 0.15   seme 2: pagella 16 riga True mancano ['ripetizione', 'formule'] | AUC e266 0.942 G3 0.844 G6 0.769
scelta tau 0.5, rip 0.6, phi 0.15   seme 2: pagella 14 riga False mancano ['ripetizione', 'profilo pagina', 'Zipf', 'formule'] | AUC e266 0.949 G3 0.848 G6 0.780
scelta tau 0.5, rip 0.6, phi 0.10   seme 2: pagella 13 riga False mancano ['ripetizione', 'gradiente', 'Zipf', 'verticale', 'formule'] | AUC e266 0.955 G3 0.847 G6 0.774
scelta tau 0.5, rip 0.6, phi 0.15   seme 1: pagella 15 riga True mancano ['ripetizione', 'profilo pagina', 'Zipf'] | AUC e266 0.925 G3 0.857 G6 0.772
scelta tau 1.0, rip 0.4, phi 0.10   seme 1: pagella 14 riga True mancano ['h2', 'profilo pagina', 'Zipf', 'verticale'] | AUC e266 0.959 G3 0.868 G6 0.834
scelta tau 1.0, rip 0.4, phi 0.10   seme 2: pagella 13 riga True mancano ['h2', 'profilo pagina', 'Zipf', 'verticale', 'formule'] | AUC e266 0.970 G3 0.874 G6 0.838
scelta tau 1.0, rip 0.4, phi 0.15   seme 1: pagella 13 riga True mancano ['h2', 'ripetizione', 'profilo pagina', 'Zipf', 'formule'] | AUC e266 0.972 G3 0.857 G6 0.845
scelta tau 1.0, rip 0.4, phi 0.15   seme 2: pagella 13 riga True mancano ['h2', 'ripetizione', 'profilo pagina', 'Zipf', 'formule'] | AUC e266 0.966 G3 0.861 G6 0.835
scelta tau 1.0, rip 0.5, phi 0.10   seme 2: pagella 14 riga True mancano ['h2', 'ripetizione', 'profilo pagina', 'Zipf'] | AUC e266 0.966 G3 0.868 G6 0.842
scelta tau 1.0, rip 0.5, phi 0.10   seme 1: pagella 12 riga False mancano ['ripetizione', 'gradiente', 'profilo pagina', 'Zipf', 'verticale', 'formule'] | AUC e266 0.954 G3 0.864 G6 0.828
scelta tau 1.0, rip 0.5, phi 0.15   seme 1: pagella 13 riga False mancano ['h2', 'ripetizione', 'omogeneità', 'profilo pagina', 'Zipf'] | AUC e266 0.969 G3 0.860 G6 0.833
scelta tau 1.0, rip 0.5, phi 0.15   seme 2: pagella 13 riga False mancano ['h2', 'ripetizione', 'profilo pagina', 'Zipf', 'formule'] | AUC e266 0.967 G3 0.852 G6 0.844
scelta tau 1.0, rip 0.6, phi 0.10   seme 1: pagella 14 riga True mancano ['h2', 'ripetizione', 'profilo pagina', 'Zipf'] | AUC e266 0.942 G3 0.865 G6 0.833
scelta tau 1.0, rip 0.6, phi 0.15   seme 2: pagella 12 riga False mancano ['h2', 'ripetizione', 'gradiente', 'profilo pagina', 'Zipf', 'formule'] | AUC e266 0.979 G3 0.867 G6 0.855
scelta tau 1.0, rip 0.6, phi 0.10   seme 2: pagella 15 riga False mancano ['ripetizione', 'profilo pagina', 'Zipf'] | AUC e266 0.955 G3 0.889 G6 0.848
scelta tau 1.0, rip 0.6, phi 0.15   seme 1: pagella 15 riga False mancano ['ripetizione', 'profilo pagina', 'Zipf'] | AUC e266 0.968 G3 0.849 G6 0.856
scelta: tau 0.0, rip 0.4, phi 0.15 (pagella 34, AUC e266 0.942)
verifica tau 0.0, rip 0.5, phi 0.10   seme 9: pagella 18 riga True mancano [] | AUC e266 0.926 G3 0.864 G6 0.702 | e231 0.816
verifica tau 0.0, rip 0.5, phi 0.10   seme 7: pagella 18 riga True mancano [] | AUC e266 0.937 G3 0.880 G6 0.725 | e231 0.855
verifica tau 0.0, rip 0.4, phi 0.15   seme 9: pagella 17 riga True mancano ['formule'] | AUC e266 0.931 G3 0.849 G6 0.708 | e231 0.846
verifica tau 0.0, rip 0.4, phi 0.15   seme 8: pagella 16 riga True mancano ['profilo pagina', 'formule'] | AUC e266 0.950 G3 0.850 G6 0.714 | e231 0.831
verifica tau 0.0, rip 0.4, phi 0.15   seme 7: pagella 17 riga True mancano ['formule'] | AUC e266 0.937 G3 0.873 G6 0.705 | e231 0.846
verifica tau 0.0, rip 0.5, phi 0.10   seme 8: pagella 17 riga True mancano ['omogeneità'] | AUC e266 0.937 G3 0.867 G6 0.736 | e231 0.828
non migliore
