{
 "retta": {
  "intercetta": -0.05723175325217765,
  "pendenza": 0.047523618264050514,
  "r": 0.19713346852730265
 },
 "h2_lingue": [
  2.2481390276689464,
  3.175622049257724,
  4.734171777865216
 ],
 "residui_lingue": {
  "massimo": 0.17655479574050004,
  "p90": 0.08938582013838219,
  "mediana": 0.02174831424099967
 },
 "voynich_fuori_intervallo_h2": true,
 "altri": {
  "Voynich": {
   "rho": 0.5855424197673756,
   "h2": 2.217959242493358,
   "rho_sub": [
    0.5901685142339086,
    0.5855424197673756,
    0.5398548232839712,
    0.5960390709765481,
    0.5803160374957637
   ],
   "h2_sub": [
    2.1808560613196133,
    2.2442133433733287,
    2.1599526526361883,
    2.224818784558786,
    2.217959242493358
   ],
   "previsto": 0.04817369511329933,
   "residuo": 0.5373687246540764
  },
  "gibberish umano": {
   "rho": 0.0849252109600386,
   "h2": 3.975082476167277,
   "previsto": 0.1316785489133127,
   "residuo": -0.046753337953274104
  },
  "Naibbe (Greshko 2025), a capo": {
   "rho": 0.40867650291683616,
   "h2": 2.172954615545148,
   "previsto": 0.0460349124020966,
   "residuo": 0.36264159051473954
  },
  "U2 (Whitehatnetizen 2026)": {
   "rho": 0.5744385018835729,
   "h2": 2.345123323906812,
   "previsto": 0.05421699237529097,
   "residuo": 0.5202215095082819
  },
  "U3 (Whitehatnetizen 2026)": {
   "rho": 0.600483472340165,
   "h2": 2.457623476437358,
   "previsto": 0.059563406678800085,
   "residuo": 0.5409200656613649
  },
  "Timm e Schinner, seme 1": {
   "rho": 0.5267645289952116,
   "h2": 2.2460369220836656,
   "previsto": 0.04950804803988944,
   "residuo": 0.4772564809553222
  }
 },
 "esito": "non è solo l'entropia"
}
