veri {"avanti": {"eventi": 30733, "I": 1.749547289326778, "nullo": 1.7386917704348348, "E": 0.01085551889194325, "z": 6.082317602203982}, "indietro": {"eventi": 30733, "I": 1.0932155534478545, "nullo": 1.086200892687289, "E": 0.00701466076056545, "z": 3.9165082421918482}}
finti 0 0.009100721966355252 0.005219462370243955
finti 1 0.010487039886236893 0.007959981142677819
finti 2 0.010657681542445507 0.00720169151031036
finti 3 0.010066458255496125 0.008051824752669745
finti 4 0.010579549785188602 0.005999795885929915
finti 5 0.010988751159922261 0.007303346209783346
finti 6 0.011198565083784251 0.007719532048467981
finti 7 0.01078175869870912 0.005324202392349653
finti 8 0.010188730565478199 0.008466691093608869
finti 9 0.012982480696535958 0.005130642234866478
finti 10 0.00978725547081849 0.004109405868170546
finti 11 0.01144033447095194 0.005568719454992932
finti 12 0.011452457663869708 0.005787466222549886
finti 13 0.008545041213692262 0.005733664203930955
finti 14 0.00980607125453381 0.005990260985200724
finti 15 0.010721169087584803 0.006515493952548912
finti 16 0.010722917750873417 0.007168188088100713
finti 17 0.011105333416277618 0.005905224157594313
finti 18 0.011328666198545445 0.007091283448489749
finti 19 0.009783436912059074 0.005205193134719677
{"avanti": {"veri": 0.01085551889194325, "finti_min": 0.008545041213692262, "finti_media": 0.010586221053967938, "finti_max": 0.012982480696535958, "esito": "calo in gran parte meccanico"}, "indietro": {"veri": 0.00701466076056545, "finti_min": 0.004109405868170546, "finti_media": 0.006372603457860326, "finti_max": 0.008466691093608869, "esito": "calo in gran parte meccanico"}}
