{
 "paragrafi": 659,
 "parole": {
  "prima": 2880,
  "seconda": 2658,
  "in mezzo": 15377,
  "ultima": 2658
 },
 "eccesso": {
  "prima": 0.04034912906464944,
  "seconda": 0.05508099954301057,
  "in mezzo": 0.04248905310779796,
  "ultima": 0.03632439276289011
 },
 "IC95": {
  "prima": [
   0.025427513000206268,
   0.05485381001368899
  ],
  "seconda": [
   0.03800002059529703,
   0.07244516630548355
  ],
  "in mezzo": [
   0.034761084877293215,
   0.05043212356439724
  ],
  "ultima": [
   0.022433487473052804,
   0.049254329333894745
  ]
 },
 "differenza_prima_meno_mezzo": -0.002139924043148514,
 "IC95_differenza": [
  -0.018905740526571093,
  0.013784440372220257
 ],
 "esito": "come le altre"
}
