vero {"apertura del paragrafo (p/f)": 0.04398565778571151, "-ey scendendo nella pagina": 0.0802926594741416}
{
 "apertura del paragrafo (p/f)": {
  "vero": 0.04398565778571151,
  "riscritto": [
   -0.00027217995632425156,
   -0.00019775444567030932,
   0.0009064539291330342,
   0.0002454522523150822,
   -5.87889497008047e-05
  ],
  "riscritto_media": 0.00012463656595055017,
  "R": 0.002833572855901172,
  "esito": "serve un meccanismo in più"
 },
 "-ey scendendo nella pagina": {
  "vero": 0.0802926594741416,
  "riscritto": [
   -0.012661765882055476,
   -0.011867344548084025,
   0.0047480138723104415,
   -0.013764611412037941,
   -0.02036000889755829
  ],
  "riscritto_media": -0.010781143373485059,
  "R": -0.13427308852507427,
  "esito": "serve un meccanismo in più"
 }
}
