vero {"ripetizione immediata": 0.009978790723549251, "quasi ripetizione immediata": 0.038731662718696755, "ritorno nella riga (distanza 2-4)": 0.01136879539951574}
{
 "ripetizione immediata": {
  "vero": 0.009978790723549251,
  "riscritto": [
   0.004754693058148135,
   0.005209761447765287,
   0.0047576052229476315,
   0.004492871546326105,
   0.004333001846853246
  ],
  "riscritto_media": 0.004709586624408081,
  "R": 0.47195965471986345,
  "esito": "in parte"
 },
 "quasi ripetizione immediata": {
  "vero": 0.038731662718696755,
  "riscritto": [
   0.020698753525611863,
   0.019332239613355208,
   0.018954623779437105,
   0.019849882438053898,
   0.020365392500797302
  ],
  "riscritto_media": 0.019840178371451075,
  "R": 0.5122470087470249,
  "esito": "in parte"
 },
 "ritorno nella riga (distanza 2-4)": {
  "vero": 0.01136879539951574,
  "riscritto": [
   0.004199556713458024,
   0.004016901301703394,
   0.004111639539951115,
   0.0036590112884390814,
   0.0044660423388683404
  ],
  "riscritto_media": 0.004090630236483991,
  "R": 0.35981210785605605,
  "esito": "in parte"
 }
}
