{
 "classi": {
  "qo/o": {
   "vicino": 0.03638104643892689,
   "coppie_vicino": 3915,
   "IC_vicino": [
    0.020586050041246647,
    0.05182183507038475
   ],
   "lontano": 0.004076510107089063,
   "coppie_lontano": 1695,
   "IC_lontano": [
    -0.021983186839423186,
    0.02864610039831175
   ]
  },
  "-ey/-dy": {
   "vicino": 0.050144049940264224,
   "coppie_vicino": 5359,
   "IC_vicino": [
    0.03558173543455344,
    0.06518048584459092
   ],
   "lontano": -0.008373155080219834,
   "coppie_lontano": 2867,
   "IC_lontano": [
    -0.029245468168220247,
    0.014718702420668328
   ]
  },
  "sh/ch": {
   "vicino": 0.046002773781493,
   "coppie_vicino": 3612,
   "IC_vicino": [
    0.026877885326583587,
    0.06412646642759327
   ],
   "lontano": 0.013272688543359107,
   "coppie_lontano": 1612,
   "IC_lontano": [
    -0.015215382867935043,
    0.04358227107376464
   ]
  },
  "ee/e": {
   "vicino": 0.02064182739887286,
   "coppie_vicino": 3654,
   "IC_vicino": [
    0.001735259398371157,
    0.03786743687956067
   ],
   "lontano": -0.01102721242788069,
   "coppie_lontano": 1898,
   "IC_lontano": [
    -0.037094115702386105,
    0.012614946383119366
   ]
  },
  "-l/-r": {
   "vicino": 0.0016380966069864569,
   "coppie_vicino": 5097,
   "IC_vicino": [
    -0.013183970666741996,
    0.015856145100984164
   ],
   "lontano": 0.0025511481676458356,
   "coppie_lontano": 3405,
   "IC_lontano": [
    -0.016128694665434262,
    0.020841676067285864
   ]
  },
  "tutte": {
   "vicino": 0.03055369945271122,
   "coppie_vicino": 21637,
   "IC_vicino": [
    0.02317373939993824,
    0.03761303954402812
   ],
   "lontano": -0.0006921291913272478,
   "coppie_lontano": 11477,
   "IC_lontano": [
    -0.011374338879855781,
    0.009389684943964308
   ]
  }
 },
 "esito": "memoria corta (cala)"
}
