{
 "parole_dopo_m": 181,
 "divergenze": {
  "inizio riga": 0.21056305825187716,
  "dopo -d": 0.1358769093891503,
  "dopo -l": 0.08724116111006427,
  "dopo -n": 0.04205326408627355,
  "dopo -o": 0.33795688847578575,
  "dopo -r": 0.11266868051435038,
  "dopo -s": 0.1986341371392289,
  "dopo -y": 0.1306422333848919
 },
 "piu_vicina": "dopo -n",
 "differenza": 0.1685097941656036,
 "IC95": [
  0.1072417796606721,
  0.2161962036806331
 ],
 "primi_segni": {
  "dopo -m": "ch 27%, o 26%, sh 13%, q 12%, y 6%, s 6%",
  "inizio riga": "d 18%, y 18%, o 16%, q 15%, s 12%, t 7%",
  "dopo -d": "q 21%, o 19%, ch 13%, a 10%, y 10%, sh 8%",
  "dopo -l": "ch 22%, o 19%, sh 12%, d 11%, q 9%, k 7%",
  "dopo -n": "o 31%, ch 26%, sh 12%, q 9%, d 6%, y 5%",
  "dopo -o": "l 20%, k 11%, r 10%, d 10%, ch 9%, q 8%",
  "dopo -r": "o 27%, ch 21%, a 18%, sh 12%, q 6%, y 5%",
  "dopo -s": "a 31%, o 24%, ch 18%, sh 9%, y 5%, q 4%",
  "dopo -y": "q 29%, o 19%, ch 13%, d 9%, sh 6%, l 6%"
 },
 "esito": "dopo -m è come dopo un'altra finale"
}
