{
 "righe": 2349,
 "media_osservata": 0.3050464107613616,
 "media_nullo_semplice": 0.2788020737605865,
 "copia_sparsa_aggiunta": 0.03638992299606643,
 "quota_quasi_copiate": 0.21030225627926777,
 "nullo_quota_media": 0.19441677309493402,
 "nullo_quota_p99": 0.21158365261813536,
 "varianza": 0.03908889509162602,
 "nullo_varianza_media": 0.03846964837923459,
 "nullo_varianza_p99": 0.040323960056085434,
 "distribuzione": {
  "0.0": 0.12728820774797786,
  "0.1": 0.19071945508727117,
  "0.2": 0.21455938697318008,
  "0.3": 0.1809280544912729,
  "0.4": 0.11196253724989357,
  "0.5": 0.12686249467858662,
  "0.6": 0.04853128991060025,
  "0.7": 0.023839931885908897,
  "0.8": 0.010217113665389528,
  "0.9": 0.0004257130693912303
 },
 "esito": "incerto"
}
