{
 "pagine": 43,
 "etichette": 961,
 "senza_simili": {
  "differenza": -0.005629848943756635,
  "dettaglio": {
   "lontane": [
    -0.019255405719451522,
    2659
   ],
   "consecutive": [
    -0.024885254663208158,
    483
   ]
  },
  "IC95": [
   -0.040735681534602095,
   0.03651513015297359
  ]
 },
 "con_simili": {
  "differenza": 0.004282309493193014,
  "dettaglio": {
   "lontane": [
    -0.007884475138217724,
    2799
   ],
   "consecutive": [
    -0.0036021656450247103,
    552
   ]
  },
  "IC95": [
   -0.02830081426084312,
   0.04252964999271702
  ]
 },
 "esito": "fra etichette la memoria si azzera"
}
