O2  seme 3: pagella 12 riga False | AUC e231 0.985 e266 0.991 | {'G1': 0.5, 'G2': 0.5, 'G3': 0.5, 'G4': 0.98, 'G5': 0.47, 'G6': 0.65, 'G7': 0.94, 'G8': 0.5, 'G9': 0.5}
V   seme 0: pagella 17 riga True | AUC e231 0.500 e266 0.500 | {'G1': 0.5, 'G2': 0.5, 'G3': 0.5, 'G4': 0.5, 'G5': 0.5, 'G6': 0.5, 'G7': 0.5, 'G8': 0.5, 'G9': 0.5}
O2  seme 2: pagella 12 riga False | AUC e231 0.978 e266 0.984 | {'G1': 0.5, 'G2': 0.5, 'G3': 0.5, 'G4': 0.98, 'G5': 0.49, 'G6': 0.65, 'G7': 0.93, 'G8': 0.5, 'G9': 0.5}
O2  seme 1: pagella 11 riga False | AUC e231 0.985 e266 0.992 | {'G1': 0.5, 'G2': 0.5, 'G3': 0.5, 'G4': 0.98, 'G5': 0.55, 'G6': 0.67, 'G7': 0.93, 'G8': 0.5, 'G9': 0.5}
O2  seme 4: pagella 11 riga False | AUC e231 0.990 e266 0.993 | {'G1': 0.5, 'G2': 0.5, 'G3': 0.5, 'G4': 0.99, 'G5': 0.58, 'G6': 0.67, 'G7': 0.93, 'G8': 0.5, 'G9': 0.5}
O3  seme 1: pagella 12 riga False | AUC e231 0.990 e266 0.995 | {'G1': 0.5, 'G2': 0.5, 'G3': 0.5, 'G4': 0.99, 'G5': 0.57, 'G6': 0.7, 'G7': 0.94, 'G8': 0.5, 'G9': 0.65}
O1  seme 2: pagella 17 riga False | AUC e231 0.475 e266 0.599 | {'G1': 0.5, 'G2': 0.5, 'G3': 0.5, 'G4': 0.5, 'G5': 0.47, 'G6': 0.5, 'G7': 0.5, 'G8': 0.5, 'G9': 0.62}
O1  seme 3: pagella 17 riga False | AUC e231 0.496 e266 0.588 | {'G1': 0.5, 'G2': 0.5, 'G3': 0.5, 'G4': 0.5, 'G5': 0.51, 'G6': 0.5, 'G7': 0.5, 'G8': 0.5, 'G9': 0.61}
O1  seme 1: pagella 17 riga False | AUC e231 0.501 e266 0.604 | {'G1': 0.5, 'G2': 0.5, 'G3': 0.5, 'G4': 0.5, 'G5': 0.51, 'G6': 0.5, 'G7': 0.5, 'G8': 0.5, 'G9': 0.63}
O1  seme 4: pagella 17 riga False | AUC e231 0.453 e266 0.591 | {'G1': 0.5, 'G2': 0.5, 'G3': 0.5, 'G4': 0.5, 'G5': 0.43, 'G6': 0.5, 'G7': 0.5, 'G8': 0.5, 'G9': 0.63}
O3  seme 2: pagella 12 riga False | AUC e231 0.981 e266 0.990 | {'G1': 0.5, 'G2': 0.5, 'G3': 0.5, 'G4': 0.98, 'G5': 0.5, 'G6': 0.71, 'G7': 0.94, 'G8': 0.5, 'G9': 0.65}
O3  seme 3: pagella 12 riga False | AUC e231 0.992 e266 0.997 | {'G1': 0.5, 'G2': 0.5, 'G3': 0.5, 'G4': 0.99, 'G5': 0.56, 'G6': 0.7, 'G7': 0.95, 'G8': 0.5, 'G9': 0.66}
O3  seme 4: pagella 12 riga False | AUC e231 0.988 e266 0.992 | {'G1': 0.5, 'G2': 0.5, 'G3': 0.5, 'G4': 0.98, 'G5': 0.54, 'G6': 0.7, 'G7': 0.93, 'G8': 0.5, 'G9': 0.63}
O4  seme 2: pagella 12 riga False | AUC e231 0.984 e266 0.999 | {'G1': 0.5, 'G2': 0.5, 'G3': 0.5, 'G4': 0.99, 'G5': 0.55, 'G6': 0.71, 'G7': 0.94, 'G8': 0.96, 'G9': 0.65}
L1  seme 3: pagella 9 riga False | AUC e231 1.000 e266 1.000 | {'G1': 0.5, 'G2': 0.48, 'G3': 1.0, 'G4': 0.99, 'G5': 0.52, 'G6': 0.74, 'G7': 0.93, 'G8': 0.96, 'G9': 0.78}
L1  seme 1: pagella 10 riga False | AUC e231 1.000 e266 1.000 | {'G1': 0.51, 'G2': 0.54, 'G3': 1.0, 'G4': 0.99, 'G5': 0.53, 'G6': 0.72, 'G7': 0.93, 'G8': 0.96, 'G9': 0.76}
O4  seme 1: pagella 11 riga False | AUC e231 0.993 e266 0.998 | {'G1': 0.5, 'G2': 0.5, 'G3': 0.5, 'G4': 0.99, 'G5': 0.53, 'G6': 0.72, 'G7': 0.94, 'G8': 0.96, 'G9': 0.67}
L1  seme 2: pagella 9 riga False | AUC e231 1.000 e266 1.000 | {'G1': 0.48, 'G2': 0.54, 'G3': 1.0, 'G4': 0.99, 'G5': 0.57, 'G6': 0.74, 'G7': 0.94, 'G8': 0.96, 'G9': 0.74}
O4  seme 4: pagella 11 riga False | AUC e231 0.990 e266 0.999 | {'G1': 0.5, 'G2': 0.5, 'G3': 0.5, 'G4': 0.99, 'G5': 0.58, 'G6': 0.72, 'G7': 0.95, 'G8': 0.96, 'G9': 0.67}
O4  seme 3: pagella 11 riga False | AUC e231 0.988 e266 0.996 | {'G1': 0.5, 'G2': 0.5, 'G3': 0.5, 'G4': 0.99, 'G5': 0.48, 'G6': 0.71, 'G7': 0.94, 'G8': 0.95, 'G9': 0.67}
L1  seme 4: pagella 10 riga False | AUC e231 1.000 e266 1.000 | {'G1': 0.51, 'G2': 0.5, 'G3': 1.0, 'G4': 0.98, 'G5': 0.53, 'G6': 0.72, 'G7': 0.93, 'G8': 0.96, 'G9': 0.78}
L2  seme 1: pagella 8 riga False | AUC e231 0.996 e266 0.999 | {'G1': 0.37, 'G2': 0.35, 'G3': 0.98, 'G4': 0.99, 'G5': 0.51, 'G6': 0.78, 'G7': 0.94, 'G8': 0.95, 'G9': 0.67}
L2  seme 2: pagella 7 riga False | AUC e231 0.998 e266 1.000 | {'G1': 0.47, 'G2': 0.32, 'G3': 0.97, 'G4': 0.99, 'G5': 0.54, 'G6': 0.79, 'G7': 0.94, 'G8': 0.95, 'G9': 0.68}
L2  seme 3: pagella 8 riga False | AUC e231 0.997 e266 0.999 | {'G1': 0.4, 'G2': 0.32, 'G3': 0.97, 'G4': 0.99, 'G5': 0.56, 'G6': 0.78, 'G7': 0.93, 'G8': 0.96, 'G9': 0.68}
L2  seme 4: pagella 7 riga False | AUC e231 0.999 e266 1.000 | {'G1': 0.4, 'G2': 0.28, 'G3': 0.98, 'G4': 0.99, 'G5': 0.54, 'G6': 0.79, 'G7': 0.95, 'G8': 0.96, 'G9': 0.67}
L3  seme 2: pagella 6 riga False | AUC e231 0.998 e266 1.000 | {'G1': 0.36, 'G2': 0.32, 'G3': 0.98, 'G4': 0.99, 'G5': 0.55, 'G6': 0.82, 'G7': 0.94, 'G8': 0.96, 'G9': 0.75}
L3  seme 1: pagella 6 riga False | AUC e231 0.998 e266 1.000 | {'G1': 0.42, 'G2': 0.32, 'G3': 0.98, 'G4': 1.0, 'G5': 0.55, 'G6': 0.81, 'G7': 0.95, 'G8': 0.95, 'G9': 0.76}
L3  seme 3: pagella 6 riga False | AUC e231 0.997 e266 1.000 | {'G1': 0.42, 'G2': 0.31, 'G3': 0.97, 'G4': 0.99, 'G5': 0.51, 'G6': 0.83, 'G7': 0.95, 'G8': 0.96, 'G9': 0.74}
L3  seme 4: pagella 7 riga False | AUC e231 0.997 e266 1.000 | {'G1': 0.38, 'G2': 0.28, 'G3': 0.98, 'G4': 0.99, 'G5': 0.54, 'G6': 0.81, 'G7': 0.93, 'G8': 0.95, 'G9': 0.76}
L4  seme 1: pagella 5 riga False | AUC e231 1.000 e266 1.000 | {'G1': 0.66, 'G2': 0.48, 'G3': 0.99, 'G4': 1.0, 'G5': 0.52, 'G6': 0.86, 'G7': 0.95, 'G8': 0.97, 'G9': 0.96}
L4  seme 2: pagella 5 riga False | AUC e231 1.000 e266 1.000 | {'G1': 0.65, 'G2': 0.49, 'G3': 0.99, 'G4': 1.0, 'G5': 0.54, 'G6': 0.86, 'G7': 0.96, 'G8': 0.95, 'G9': 0.96}
L4  seme 3: pagella 5 riga False | AUC e231 1.000 e266 1.000 | {'G1': 0.66, 'G2': 0.47, 'G3': 0.99, 'G4': 1.0, 'G5': 0.45, 'G6': 0.85, 'G7': 0.96, 'G8': 0.95, 'G9': 0.96}
N1  seme 1: pagella 16 riga False | AUC e231 0.627 e266 0.629 | {'G1': 0.53, 'G2': 0.61, 'G3': 0.54, 'G4': 0.58, 'G5': 0.52, 'G6': 0.54, 'G7': 0.51, 'G8': 0.55, 'G9': 0.54}
L4  seme 4: pagella 5 riga False | AUC e231 1.000 e266 1.000 | {'G1': 0.66, 'G2': 0.48, 'G3': 0.99, 'G4': 0.99, 'G5': 0.55, 'G6': 0.86, 'G7': 0.96, 'G8': 0.96, 'G9': 0.96}
N1  seme 2: pagella 16 riga False | AUC e231 0.623 e266 0.630 | {'G1': 0.52, 'G2': 0.61, 'G3': 0.55, 'G4': 0.53, 'G5': 0.51, 'G6': 0.55, 'G7': 0.51, 'G8': 0.56, 'G9': 0.54}
N1  seme 3: pagella 16 riga True | AUC e231 0.633 e266 0.643 | {'G1': 0.53, 'G2': 0.62, 'G3': 0.54, 'G4': 0.55, 'G5': 0.5, 'G6': 0.55, 'G7': 0.56, 'G8': 0.58, 'G9': 0.55}
N1  seme 4: pagella 16 riga False | AUC e231 0.606 e266 0.620 | {'G1': 0.52, 'G2': 0.6, 'G3': 0.53, 'G4': 0.56, 'G5': 0.52, 'G6': 0.54, 'G7': 0.54, 'G8': 0.56, 'G9': 0.54}
{"V": [0.5, 0.5], "O1": [0.481, 0.595], "O2": [0.984, 0.99], "O3": [0.988, 0.993], "O4": [0.989, 0.998], "L1": [1.0, 1.0], "L2": [0.997, 1.0], "L3": [0.998, 1.0], "L4": [1.0, 1.0], "N1": [0.622, 0.63]}
