giro  0: pesi {'bordi': 0.712, 'unione': 0.587, 'coppia': 0.493, 'identica': -0.552} | valori {'unioni attestate': 0.0624, 'coppie viste altrove': 0.2352, 'coppie identiche': 0.0104, 'somiglianza fra vicine': 0.2192} | scarto massimo 0.318
giro  1: pesi {'bordi': 0.697, 'unione': 0.97, 'coppia': 0.402, 'identica': -0.621} | valori {'unioni attestate': 0.0652, 'coppie viste altrove': 0.2364, 'coppie identiche': 0.0105, 'somiglianza fra vicine': 0.2175} | scarto massimo 0.288
giro  2: pesi {'bordi': 0.705, 'unione': 1.31, 'coppia': 0.303, 'identica': -0.699} | valori {'unioni attestate': 0.0681, 'coppie viste altrove': 0.2411, 'coppie identiche': 0.009, 'somiglianza fra vicine': 0.2192} | scarto massimo 0.256
giro  3: pesi {'bordi': 0.69, 'unione': 1.606, 'coppia': 0.175, 'identica': -0.622} | valori {'unioni attestate': 0.0697, 'coppie viste altrove': 0.2408, 'coppie identiche': 0.0093, 'somiglianza fra vicine': 0.2162} | scarto massimo 0.239
giro  4: pesi {'bordi': 0.716, 'unione': 1.88, 'coppia': 0.048, 'identica': -0.575} | valori {'unioni attestate': 0.0731, 'coppie viste altrove': 0.2396, 'coppie identiche': 0.0082, 'somiglianza fra vicine': 0.2161} | scarto massimo 0.202
giro  5: pesi {'bordi': 0.744, 'unione': 2.106, 'coppia': 0.0, 'identica': -0.401} | valori {'unioni attestate': 0.072, 'coppie viste altrove': 0.2432, 'coppie identiche': 0.0095, 'somiglianza fra vicine': 0.2175} | scarto massimo 0.214
giro  6: pesi {'bordi': 0.752, 'unione': 2.347, 'coppia': 0.0, 'identica': -0.38} | valori {'unioni attestate': 0.0775, 'coppie viste altrove': 0.2472, 'coppie identiche': 0.0113, 'somiglianza fra vicine': 0.2166} | scarto massimo 0.165
giro  7: pesi {'bordi': 0.773, 'unione': 2.515, 'coppia': 0.0, 'identica': -0.533} | valori {'unioni attestate': 0.078, 'coppie viste altrove': 0.2522, 'coppie identiche': 0.0099, 'somiglianza fra vicine': 0.2185} | scarto massimo 0.148
giro  8: pesi {'bordi': 0.767, 'unione': 2.675, 'coppia': 0.0, 'identica': -0.554} | valori {'unioni attestate': 0.0829, 'coppie viste altrove': 0.2519, 'coppie identiche': 0.0096, 'somiglianza fra vicine': 0.2167} | scarto massimo 0.138
giro  9: pesi {'bordi': 0.787, 'unione': 2.774, 'coppia': 0.0, 'identica': -0.538} | valori {'unioni attestate': 0.0833, 'coppie viste altrove': 0.2542, 'coppie identiche': 0.0095, 'somiglianza fra vicine': 0.2185} | scarto massimo 0.149
giro 10: pesi {'bordi': 0.781, 'unione': 2.869, 'coppia': 0.0, 'identica': -0.514} | valori {'unioni attestate': 0.0857, 'coppie viste altrove': 0.2616, 'coppie identiche': 0.0095, 'somiglianza fra vicine': 0.2177} | scarto massimo 0.182
giro 11: pesi {'bordi': 0.788, 'unione': 2.936, 'coppia': 0.0, 'identica': -0.488} | valori {'unioni attestate': 0.0804, 'coppie viste altrove': 0.2607, 'coppie identiche': 0.0089, 'somiglianza fra vicine': 0.2162} | scarto massimo 0.178
giro 12: pesi {'bordi': 0.813, 'unione': 3.066, 'coppia': 0.0, 'identica': -0.397} | valori {'unioni attestate': 0.0852, 'coppie viste altrove': 0.2612, 'coppie identiche': 0.0105, 'somiglianza fra vicine': 0.2175} | scarto massimo 0.180
giro 13: pesi {'bordi': 0.822, 'unione': 3.139, 'coppia': 0.0, 'identica': -0.47} | valori {'unioni attestate': 0.0854, 'coppie viste altrove': 0.2632, 'coppie identiche': 0.0119, 'somiglianza fra vicine': 0.2193} | scarto massimo 0.220
giro 14: pesi {'bordi': 0.806, 'unione': 3.209, 'coppia': 0.0, 'identica': -0.669} | valori {'unioni attestate': 0.0873, 'coppie viste altrove': 0.2658, 'coppie identiche': 0.0086, 'somiglianza fra vicine': 0.2155} | scarto massimo 0.201
pesi sul sacco generato {'bordi': 0.767, 'unione': 2.675, 'coppia': 0.0, 'identica': -0.554}, scarto massimo 0.138, converge False
P3 seme 1: pagella 15 riga False mancano ['legame', 'profilo pagina', 'verticale'] | AUC e231 0.524 e266 0.674 solo sacco 0.481 | {'G1': 0.48, 'G2': 0.43, 'G3': 0.6, 'G4': 0.54, 'G5': 0.52, 'G6': 0.67, 'G7': 0.6, 'G8': 0.66, 'G9': 0.62}
P1 seme 4: pagella 15 riga False mancano ['legame', 'profilo pagina', 'verticale'] | AUC e231 0.653 e266 0.746 solo sacco 0.571 | {'G1': 0.52, 'G2': 0.51, 'G3': 0.62, 'G4': 0.67, 'G5': 0.49, 'G6': 0.6, 'G7': 0.58, 'G8': 0.67, 'G9': 0.67}
P1 seme 1: pagella 14 riga False mancano ['gradiente', 'legame', 'profilo pagina', 'verticale'] | AUC e231 0.640 e266 0.737 solo sacco 0.490 | {'G1': 0.51, 'G2': 0.45, 'G3': 0.61, 'G4': 0.67, 'G5': 0.53, 'G6': 0.6, 'G7': 0.58, 'G8': 0.65, 'G9': 0.67}
P1 seme 2: pagella 15 riga False mancano ['legame', 'profilo pagina', 'verticale'] | AUC e231 0.709 e266 0.787 solo sacco 0.551 | {'G1': 0.46, 'G2': 0.53, 'G3': 0.61, 'G4': 0.7, 'G5': 0.55, 'G6': 0.63, 'G7': 0.63, 'G8': 0.66, 'G9': 0.67}
P2 seme 3: pagella 14 riga False mancano ['gradiente', 'legame', 'profilo pagina', 'verticale'] | AUC e231 0.670 e266 0.726 solo sacco 0.564 | {'G1': 0.51, 'G2': 0.54, 'G3': 0.67, 'G4': 0.66, 'G5': 0.55, 'G6': 0.63, 'G7': 0.55, 'G8': 0.66, 'G9': 0.62}
P1 seme 3: pagella 13 riga False mancano ['ripetizione', 'gradiente', 'legame', 'profilo pagina', 'verticale'] | AUC e231 0.664 e266 0.719 solo sacco 0.556 | {'G1': 0.55, 'G2': 0.52, 'G3': 0.64, 'G4': 0.68, 'G5': 0.44, 'G6': 0.61, 'G7': 0.57, 'G8': 0.67, 'G9': 0.64}
P2 seme 1: pagella 16 riga False mancano ['legame', 'profilo pagina'] | AUC e231 0.637 e266 0.704 solo sacco 0.481 | {'G1': 0.48, 'G2': 0.43, 'G3': 0.6, 'G4': 0.68, 'G5': 0.47, 'G6': 0.61, 'G7': 0.58, 'G8': 0.62, 'G9': 0.64}
P2 seme 2: pagella 13 riga False mancano ['ripetizione', 'gradiente', 'legame', 'profilo pagina', 'verticale'] | AUC e231 0.678 e266 0.773 solo sacco 0.516 | {'G1': 0.49, 'G2': 0.44, 'G3': 0.65, 'G4': 0.7, 'G5': 0.51, 'G6': 0.61, 'G7': 0.6, 'G8': 0.64, 'G9': 0.63}
P2 seme 4: pagella 14 riga False mancano ['gradiente', 'legame', 'profilo pagina', 'verticale'] | AUC e231 0.695 e266 0.773 solo sacco 0.529 | {'G1': 0.53, 'G2': 0.48, 'G3': 0.64, 'G4': 0.7, 'G5': 0.54, 'G6': 0.62, 'G7': 0.56, 'G8': 0.66, 'G9': 0.65}
P3 seme 2: pagella 14 riga False mancano ['legame', 'profilo pagina', 'verticale', 'formule'] | AUC e231 0.533 e266 0.716 solo sacco 0.516 | {'G1': 0.49, 'G2': 0.44, 'G3': 0.65, 'G4': 0.52, 'G5': 0.53, 'G6': 0.66, 'G7': 0.62, 'G8': 0.69, 'G9': 0.66}
P3 seme 3: pagella 13 riga False mancano ['gradiente', 'legame', 'profilo pagina', 'verticale', 'formule'] | AUC e231 0.587 e266 0.686 solo sacco 0.564 | {'G1': 0.51, 'G2': 0.54, 'G3': 0.67, 'G4': 0.57, 'G5': 0.53, 'G6': 0.66, 'G7': 0.61, 'G8': 0.68, 'G9': 0.63}
P3 seme 4: pagella 13 riga False mancano ['gradiente', 'legame', 'profilo pagina', 'verticale', 'formule'] | AUC e231 0.589 e266 0.738 solo sacco 0.529 | {'G1': 0.53, 'G2': 0.48, 'G3': 0.64, 'G4': 0.59, 'G5': 0.52, 'G6': 0.64, 'G7': 0.62, 'G8': 0.67, 'G9': 0.64}
{"P1": [0.667, 0.747, 14.25], "P2": [0.67, 0.744, 14.25], "P3": [0.558, 0.703, 13.75], "scelta": "P3"}
