U1 giro  0: pesi {'bordi': 0.7, 'unione': 0.6, 'coppia': 0.5, 'identica': -0.55} | valori {'unioni attestate': 0.0759, 'coppie viste altrove': 0.2409, 'coppie identiche': 0.0112, 'somiglianza fra vicine': 0.2186} | scarto massimo 0.171
U2 giro  0: pesi {'bordi': 0.7, 'unione': 0.6, 'coppia': 0.5, 'identica': -0.55, 'confine': 0.5} | valori {'unioni attestate': 0.0849, 'coppie viste altrove': 0.2469, 'coppie identiche': 0.0109, 'somiglianza fra vicine': 0.217, 'confine': 0.157} | scarto massimo 0.166
U3 giro  0: pesi {'bordi': 0.7, 'unione': 0.6, 'coppia': 0.5, 'identica': -0.55, 'confine': 0.5, 'verticale': 0.15} | valori {'unioni attestate': 0.0842, 'coppie viste altrove': 0.2506, 'coppie identiche': 0.0095, 'somiglianza fra vicine': 0.2171, 'confine': 0.1515, 'verticale': 1.0368} | scarto massimo 0.195
U1 giro  1: pesi {'bordi': 0.693, 'unione': 0.788, 'coppia': 0.373, 'identica': -0.688} | valori {'unioni attestate': 0.0788, 'coppie viste altrove': 0.2362, 'coppie identiche': 0.0083, 'somiglianza fra vicine': 0.2148} | scarto massimo 0.147
U2 giro  1: pesi {'bordi': 0.715, 'unione': 0.675, 'coppia': 0.336, 'identica': -0.66, 'confine': 0.609} | valori {'unioni attestate': 0.0852, 'coppie viste altrove': 0.2428, 'coppie identiche': 0.0095, 'somiglianza fra vicine': 0.2136, 'confine': 0.1738} | scarto massimo 0.097
U1 giro  2: pesi {'bordi': 0.739, 'unione': 0.938, 'coppia': 0.275, 'identica': -0.529} | valori {'unioni attestate': 0.0833, 'coppie viste altrove': 0.2372, 'coppie identiche': 0.009, 'somiglianza fra vicine': 0.2168} | scarto massimo 0.091
U2 giro  2: pesi {'bordi': 0.778, 'unione': 0.748, 'coppia': 0.197, 'identica': -0.639, 'confine': 0.656} | valori {'unioni attestate': 0.0901, 'coppie viste altrove': 0.2516, 'coppie identiche': 0.0088, 'somiglianza fra vicine': 0.217, 'confine': 0.1905} | scarto massimo 0.137
U3 giro  1: pesi {'bordi': 0.713, 'unione': 0.685, 'coppia': 0.313, 'identica': -0.531, 'confine': 0.63, 'verticale': 0.114} | valori {'unioni attestate': 0.0894, 'coppie viste altrove': 0.2461, 'coppie identiche': 0.0097, 'somiglianza fra vicine': 0.2156, 'confine': 0.1792, 'verticale': 1.024} | scarto massimo 0.112
U1 giro  3: pesi {'bordi': 0.757, 'unione': 1.033, 'coppia': 0.171, 'identica': -0.453} | valori {'unioni attestate': 0.0882, 'coppie viste altrove': 0.2384, 'coppie identiche': 0.0111, 'somiglianza fra vicine': 0.218} | scarto massimo 0.144
U2 giro  3: pesi {'bordi': 0.793, 'unione': 0.765, 'coppia': 0.004, 'identica': -0.539, 'confine': 0.649} | valori {'unioni attestate': 0.0858, 'coppie viste altrove': 0.2423, 'coppie identiche': 0.0085, 'somiglianza fra vicine': 0.2152, 'confine': 0.1646} | scarto massimo 0.125
U1 giro  4: pesi {'bordi': 0.758, 'unione': 1.071, 'coppia': 0.06, 'identica': -0.588} | valori {'unioni attestate': 0.0868, 'coppie viste altrove': 0.2391, 'coppie identiche': 0.0086, 'somiglianza fra vicine': 0.2171} | scarto massimo 0.112
U2 giro  4: pesi {'bordi': 0.834, 'unione': 0.83, 'coppia': 0.0, 'identica': -0.405, 'confine': 0.729} | valori {'unioni attestate': 0.0887, 'coppie viste altrove': 0.2495, 'coppie identiche': 0.01, 'somiglianza fra vicine': 0.215, 'confine': 0.1911} | scarto massimo 0.127
U3 giro  2: pesi {'bordi': 0.748, 'unione': 0.709, 'coppia': 0.154, 'identica': -0.527, 'confine': 0.659, 'verticale': 0.129} | valori {'unioni attestate': 0.0869, 'coppie viste altrove': 0.2453, 'coppie identiche': 0.0094, 'somiglianza fra vicine': 0.2161, 'confine': 0.1757, 'verticale': 1.0312} | scarto massimo 0.109
U1 giro  5: pesi {'bordi': 0.772, 'unione': 1.125, 'coppia': 0.0, 'identica': -0.468} | valori {'unioni attestate': 0.0854, 'coppie viste altrove': 0.2381, 'coppie identiche': 0.01, 'somiglianza fra vicine': 0.2179} | scarto massimo 0.076
U2 giro  5: pesi {'bordi': 0.877, 'unione': 0.862, 'coppia': 0.0, 'identica': -0.436, 'confine': 0.72} | valori {'unioni attestate': 0.0917, 'coppie viste altrove': 0.2545, 'coppie identiche': 0.0112, 'somiglianza fra vicine': 0.2194, 'confine': 0.2009} | scarto massimo 0.153
U1 giro  6: pesi {'bordi': 0.774, 'unione': 1.194, 'coppia': 0.0, 'identica': -0.498} | valori {'unioni attestate': 0.0911, 'coppie viste altrove': 0.2376, 'coppie identiche': 0.0107, 'somiglianza fra vicine': 0.2179} | scarto massimo 0.104
U3 giro  3: pesi {'bordi': 0.777, 'unione': 0.762, 'coppia': 0.0, 'identica': -0.494, 'confine': 0.7, 'verticale': 0.116} | valori {'unioni attestate': 0.0854, 'coppie viste altrove': 0.2449, 'coppie identiche': 0.0093, 'somiglianza fra vicine': 0.2173, 'confine': 0.1703, 'verticale': 1.0172} | scarto massimo 0.177
U2 giro  6: pesi {'bordi': 0.859, 'unione': 0.86, 'coppia': 0.0, 'identica': -0.579, 'confine': 0.68} | valori {'unioni attestate': 0.0903, 'coppie viste altrove': 0.249, 'coppie identiche': 0.0103, 'somiglianza fra vicine': 0.2193, 'confine': 0.1869} | scarto massimo 0.125
U1 giro  7: pesi {'bordi': 0.776, 'unione': 1.2, 'coppia': 0.0, 'identica': -0.598} | valori {'unioni attestate': 0.088, 'coppie viste altrove': 0.2366, 'coppie identiche': 0.0093, 'somiglianza fra vicine': 0.2154} | scarto massimo 0.069
U2 giro  7: pesi {'bordi': 0.843, 'unione': 0.874, 'coppia': 0.0, 'identica': -0.635, 'confine': 0.684} | valori {'unioni attestate': 0.0904, 'coppie viste altrove': 0.2506, 'coppie identiche': 0.0079, 'somiglianza fra vicine': 0.2115, 'confine': 0.1806} | scarto massimo 0.189
U1 giro  8: pesi {'bordi': 0.814, 'unione': 1.239, 'coppia': 0.0, 'identica': -0.557} | valori {'unioni attestate': 0.0911, 'coppie viste altrove': 0.2424, 'coppie identiche': 0.0096, 'somiglianza fra vicine': 0.2176} | scarto massimo 0.096
U3 giro  4: pesi {'bordi': 0.788, 'unione': 0.833, 'coppia': 0.0, 'identica': -0.45, 'confine': 0.76, 'verticale': 0.158} | valori {'unioni attestate': 0.0922, 'coppie viste altrove': 0.2461, 'coppie identiche': 0.0099, 'somiglianza fra vicine': 0.2139, 'confine': 0.2003, 'verticale': 1.0481} | scarto massimo 0.338
U2 giro  8: pesi {'bordi': 0.936, 'unione': 0.887, 'coppia': 0.0, 'identica': -0.426, 'confine': 0.709} | valori {'unioni attestate': 0.09, 'coppie viste altrove': 0.2526, 'coppie identiche': 0.0105, 'somiglianza fra vicine': 0.2162, 'confine': 0.1984} | scarto massimo 0.141
U1 giro  9: pesi {'bordi': 0.82, 'unione': 1.245, 'coppia': 0.0, 'identica': -0.547} | valori {'unioni attestate': 0.0915, 'coppie viste altrove': 0.2409, 'coppie identiche': 0.0086, 'somiglianza fra vicine': 0.2144} | scarto massimo 0.117
U3 giro  5: pesi {'bordi': 0.846, 'unione': 0.826, 'coppia': 0.0, 'identica': -0.464, 'confine': 0.723, 'verticale': 0.077} | valori {'unioni attestate': 0.0887, 'coppie viste altrove': 0.2531, 'coppie identiche': 0.0106, 'somiglianza fra vicine': 0.2183, 'confine': 0.1923, 'verticale': 1.0178} | scarto massimo 0.168
U2 giro  9: pesi {'bordi': 0.962, 'unione': 0.905, 'coppia': 0.0, 'identica': -0.503, 'confine': 0.677} | valori {'unioni attestate': 0.0924, 'coppie viste altrove': 0.2486, 'coppie identiche': 0.0106, 'somiglianza fra vicine': 0.2184, 'confine': 0.1937} | scarto massimo 0.123
U1 giro 10: pesi {'bordi': 0.872, 'unione': 1.245, 'coppia': 0.0, 'identica': -0.422} | valori {'unioni attestate': 0.0906, 'coppie viste altrove': 0.2429, 'coppie identiche': 0.0106, 'somiglianza fra vicine': 0.2198} | scarto massimo 0.098
U2 giro 10: pesi {'bordi': 0.958, 'unione': 0.896, 'coppia': 0.0, 'identica': -0.585, 'confine': 0.66} | valori {'unioni attestate': 0.0909, 'coppie viste altrove': 0.2578, 'coppie identiche': 0.0101, 'somiglianza fra vicine': 0.2182, 'confine': 0.1873} | scarto massimo 0.165
U1 giro 11: pesi {'bordi': 0.849, 'unione': 1.256, 'coppia': 0.0, 'identica': -0.511} | valori {'unioni attestate': 0.0933, 'coppie viste altrove': 0.2372, 'coppie identiche': 0.0092, 'somiglianza fra vicine': 0.2175} | scarto massimo 0.072
U3 giro  6: pesi {'bordi': 0.843, 'unione': 0.859, 'coppia': 0.0, 'identica': -0.553, 'confine': 0.71, 'verticale': 0.117} | valori {'unioni attestate': 0.0893, 'coppie viste altrove': 0.2434, 'coppie identiche': 0.0094, 'somiglianza fra vicine': 0.216, 'confine': 0.1838, 'verticale': 1.031} | scarto massimo 0.100
U1 giro 12: pesi {'bordi': 0.858, 'unione': 1.237, 'coppia': 0.0, 'identica': -0.453} | valori {'unioni attestate': 0.0921, 'coppie viste altrove': 0.2431, 'coppie identiche': 0.0109, 'somiglianza fra vicine': 0.2202} | scarto massimo 0.117
U2 giro 11: pesi {'bordi': 0.956, 'unione': 0.904, 'coppia': 0.0, 'identica': -0.622, 'confine': 0.662} | valori {'unioni attestate': 0.0946, 'coppie viste altrove': 0.2554, 'coppie identiche': 0.0105, 'somiglianza fra vicine': 0.2155, 'confine': 0.1832} | scarto massimo 0.154
U1 giro 13: pesi {'bordi': 0.829, 'unione': 1.231, 'coppia': 0.0, 'identica': -0.564} | valori {'unioni attestate': 0.0883, 'coppie viste altrove': 0.2381, 'coppie identiche': 0.0094, 'somiglianza fra vicine': 0.2156} | scarto massimo 0.076
U2 giro 12: pesi {'bordi': 0.992, 'unione': 0.871, 'coppia': 0.0, 'identica': -0.701, 'confine': 0.679} | valori {'unioni attestate': 0.0909, 'coppie viste altrove': 0.2519, 'coppie identiche': 0.0084, 'somiglianza fra vicine': 0.2185, 'confine': 0.199} | scarto massimo 0.138
U3 giro  7: pesi {'bordi': 0.872, 'unione': 0.884, 'coppia': 0.0, 'identica': -0.52, 'confine': 0.723, 'verticale': 0.105} | valori {'unioni attestate': 0.0942, 'coppie viste altrove': 0.2518, 'coppie identiche': 0.0095, 'somiglianza fra vicine': 0.2163, 'confine': 0.1914, 'verticale': 1.0218} | scarto massimo 0.138
U1 giro 14: pesi {'bordi': 0.864, 'unione': 1.268, 'coppia': 0.0, 'identica': -0.532} | valori {'unioni attestate': 0.0927, 'coppie viste altrove': 0.2442, 'coppie identiche': 0.011, 'somiglianza fra vicine': 0.2181} | scarto massimo 0.133
U2 giro 13: pesi {'bordi': 0.987, 'unione': 0.879, 'coppia': 0.0, 'identica': -0.554, 'confine': 0.645} | valori {'unioni attestate': 0.0923, 'coppie viste altrove': 0.2529, 'coppie identiche': 0.0099, 'somiglianza fra vicine': 0.2145, 'confine': 0.1851} | scarto massimo 0.143
U3 giro  8: pesi {'bordi': 0.897, 'unione': 0.855, 'coppia': 0.0, 'identica': -0.495, 'confine': 0.713, 'verticale': 0.129} | valori {'unioni attestate': 0.0912, 'coppie viste altrove': 0.2523, 'coppie identiche': 0.0102, 'somiglianza fra vicine': 0.2152, 'confine': 0.197, 'verticale': 1.0389} | scarto massimo 0.184
U2 giro 14: pesi {'bordi': 1.038, 'unione': 0.871, 'coppia': 0.0, 'identica': -0.572, 'confine': 0.655} | valori {'unioni attestate': 0.092, 'coppie viste altrove': 0.2554, 'coppie identiche': 0.0093, 'somiglianza fra vicine': 0.2193, 'confine': 0.193} | scarto massimo 0.154
U3 giro  9: pesi {'bordi': 0.938, 'unione': 0.859, 'coppia': 0.0, 'identica': -0.538, 'confine': 0.686, 'verticale': 0.085} | valori {'unioni attestate': 0.0923, 'coppie viste altrove': 0.2545, 'coppie identiche': 0.0111, 'somiglianza fra vicine': 0.2172, 'confine': 0.1911, 'verticale': 1.0247} | scarto massimo 0.150
U3 giro 10: pesi {'bordi': 0.95, 'unione': 0.852, 'coppia': 0.0, 'identica': -0.675, 'confine': 0.676, 'verticale': 0.097} | valori {'unioni attestate': 0.0889, 'coppie viste altrove': 0.2494, 'coppie identiche': 0.0088, 'somiglianza fra vicine': 0.218, 'confine': 0.1895, 'verticale': 1.0249} | scarto massimo 0.127
U3 giro 11: pesi {'bordi': 0.952, 'unione': 0.881, 'coppia': 0.0, 'identica': -0.575, 'confine': 0.672, 'verticale': 0.109} | valori {'unioni attestate': 0.0902, 'coppie viste altrove': 0.2534, 'coppie identiche': 0.0099, 'somiglianza fra vicine': 0.2165, 'confine': 0.1924, 'verticale': 1.0285} | scarto massimo 0.145
U3 giro 12: pesi {'bordi': 0.974, 'unione': 0.897, 'coppia': 0.0, 'identica': -0.595, 'confine': 0.658, 'verticale': 0.106} | valori {'unioni attestate': 0.0925, 'coppie viste altrove': 0.2533, 'coppie identiche': 0.0094, 'somiglianza fra vicine': 0.2213, 'confine': 0.185, 'verticale': 1.0266} | scarto massimo 0.144
U3 giro 13: pesi {'bordi': 0.931, 'unione': 0.887, 'coppia': 0.0, 'identica': -0.565, 'confine': 0.669, 'verticale': 0.111} | valori {'unioni attestate': 0.0917, 'coppie viste altrove': 0.2454, 'coppie identiche': 0.0093, 'somiglianza fra vicine': 0.2174, 'confine': 0.1854, 'verticale': 1.0394} | scarto massimo 0.192
U3 giro 14: pesi {'bordi': 0.941, 'unione': 0.886, 'coppia': 0.0, 'identica': -0.521, 'confine': 0.677, 'verticale': 0.065} | valori {'unioni attestate': 0.0931, 'coppie viste altrove': 0.2555, 'coppie identiche': 0.0095, 'somiglianza fra vicine': 0.2173, 'confine': 0.1922, 'verticale': 1.0139} | scarto massimo 0.232
U1: pesi {'bordi': 0.776, 'unione': 1.2, 'coppia': 0.0, 'identica': -0.598, 'vocabolario_testo': True}, scarto massimo 0.069, converge True
U2: pesi {'bordi': 0.715, 'unione': 0.675, 'coppia': 0.336, 'identica': -0.66, 'vocabolario_testo': True, 'confine': 0.609}, scarto massimo 0.097, converge True
U3: pesi {'bordi': 0.843, 'unione': 0.859, 'coppia': 0.0, 'identica': -0.553, 'vocabolario_testo': True, 'confine': 0.71, 'verticale': 0.117}, scarto massimo 0.100, converge True
U1 seme 4: pagella 15 riga False mancano ['legame', 'profilo pagina', 'verticale'] | AUC e231 0.583 e266 0.707
U1 seme 1: pagella 15 riga False mancano ['legame', 'profilo pagina', 'verticale'] | AUC e231 0.532 e266 0.635
U1 seme 2: pagella 16 riga False mancano ['legame', 'profilo pagina'] | AUC e231 0.541 e266 0.646
U1 seme 3: pagella 15 riga False mancano ['legame', 'profilo pagina', 'verticale'] | AUC e231 0.535 e266 0.647
U2 seme 2: pagella 16 riga False mancano ['profilo pagina', 'verticale'] | AUC e231 0.576 e266 0.679
U2 seme 4: pagella 16 riga False mancano ['profilo pagina', 'verticale'] | AUC e231 0.575 e266 0.668
U2 seme 1: pagella 17 riga False mancano ['profilo pagina'] | AUC e231 0.538 e266 0.677
U2 seme 3: pagella 15 riga False mancano ['gradiente', 'profilo pagina', 'verticale'] | AUC e231 0.548 e266 0.669
U3 seme 1: pagella 17 riga False mancano ['profilo pagina'] | AUC e231 0.503 e266 0.643
U3 seme 2: pagella 16 riga False mancano ['gradiente', 'profilo pagina'] | AUC e231 0.557 e266 0.672
U3 seme 4: pagella 17 riga False mancano ['profilo pagina'] | AUC e231 0.565 e266 0.676
U3 seme 3: pagella 16 riga False mancano ['gradiente', 'profilo pagina'] | AUC e231 0.540 e266 0.643
{"U1": [0.548, 0.659, 15.25], "U2": [0.559, 0.673, 16], "U3": [0.541, 0.659, 16.5]}
