Voynich                                    inizio n  3291 | guadagno A +0.791 T +0.394 AT +0.817 | pesi S 0.55 A 0.23 T 0.04 N 0.18 | A [('y', 0.08), ('d', 0.058), ('s', 0.031), ('o', 0.028)] | T [('t', 0.013), ('s', 0.011)]
Voynich                                    fine   n  4006 | guadagno A +0.196 T +0.148 AT +0.321 | pesi S 0.39 A 0.08 T 0.07 N 0.46 | A [('y', 0.052)] | T [('m', 0.046), ('g', 0.01)]
Voynich A                                  inizio n  1273 | guadagno A +0.727 T +0.443 AT +0.798 | pesi S 0.44 A 0.21 T 0.09 N 0.26 | A [('y', 0.093), ('d', 0.044), ('o', 0.039), ('t', 0.013)] | T [('s', 0.028), ('t', 0.025), ('o', 0.013), ('y', 0.012)]
Voynich A                                  fine   n  1502 | guadagno A +0.134 T +0.097 AT +0.197 | pesi S 0.33 A 0.06 T 0.05 N 0.56 | A [('y', 0.026), ('d', 0.012)] | T [('m', 0.025), ('g', 0.01)]
Voynich B                                  inizio n  1960 | guadagno A +0.955 T +0.478 AT +0.987 | pesi S 0.55 A 0.25 T 0.03 N 0.18 | A [('d', 0.069), ('y', 0.068), ('s', 0.045), ('t', 0.026)] | T []
Voynich B                                  fine   n  2423 | guadagno A +0.235 T +0.214 AT +0.435 | pesi S 0.35 A 0.10 T 0.09 N 0.47 | A [('y', 0.066)] | T [('m', 0.067)]
Plinio, a capo                             inizio n  4364 | guadagno A -0.001 T +0.005 AT +0.004 | pesi S 0.70 A 0.00 T 0.00 N 0.29 | A [] | T []
Plinio, a capo                             fine   n  4365 | guadagno A +0.169 T +0.215 AT +0.321 | pesi S 0.76 A 0.02 T 0.02 N 0.19 | A [] | T []
Plinio codificato, a capo                  inizio n  4344 | guadagno A +0.036 T +0.042 AT +0.052 | pesi S 0.54 A 0.03 T 0.04 N 0.39 | A [] | T []
Plinio codificato, a capo                  fine   n  4345 | guadagno A +0.009 T +0.014 AT +0.020 | pesi S 0.58 A 0.01 T 0.02 N 0.39 | A [] | T []
Naibbe, a capo                             inizio n  4270 | guadagno A +0.034 T +0.037 AT +0.051 | pesi S 0.84 A 0.02 T 0.02 N 0.12 | A [] | T []
Naibbe, a capo                             fine   n  4271 | guadagno A +0.010 T +0.047 AT +0.052 | pesi S 0.87 A 0.01 T 0.03 N 0.10 | A [] | T []
controllo: aggiunta "s" all'inizio         inizio n  4344 | guadagno A +2.531 T +0.956 AT +2.600 | pesi S 0.22 A 0.35 T 0.04 N 0.38 | A [('s', 0.342)] | T [('s', 0.031)]
controllo: aggiunta "s" all'inizio         fine   n  4345 | guadagno A +0.009 T +0.014 AT +0.020 | pesi S 0.58 A 0.01 T 0.02 N 0.39 | A [] | T []
controllo: sostituzione con "m" alla fine  inizio n  4344 | guadagno A +0.036 T +0.042 AT +0.052 | pesi S 0.54 A 0.03 T 0.04 N 0.39 | A [] | T []
controllo: sostituzione con "m" alla fine  fine   n  4345 | guadagno A +0.609 T +2.376 AT +2.426 | pesi S 0.29 A 0.01 T 0.39 N 0.31 | A [('m', 0.011)] | T [('m', 0.382)]
Timm e Schinner, seme 19                   inizio n  3602 | guadagno A +0.147 T +0.068 AT +0.161 | pesi S 0.74 A 0.09 T 0.02 N 0.15 | A [('k', 0.019), ('o', 0.016), ('p', 0.016)] | T []
Timm e Schinner, seme 19                   fine   n  3960 | guadagno A +0.002 T +0.360 AT +0.362 | pesi S 0.58 A 0.00 T 0.22 N 0.20 | A [] | T [('m', 0.204), ('g', 0.015)]
Timm e Schinner, seme 1                    inizio n  3647 | guadagno A +0.195 T +0.081 AT +0.195 | pesi S 0.77 A 0.10 T 0.00 N 0.13 | A [('k', 0.027), ('p', 0.027), ('t', 0.016), ('y', 0.01)] | T []
Timm e Schinner, seme 1                    fine   n  3973 | guadagno A +0.008 T +0.326 AT +0.330 | pesi S 0.59 A 0.00 T 0.20 N 0.21 | A [] | T [('m', 0.176), ('g', 0.02)]
Timm e Schinner, seme 2                    inizio n  3624 | guadagno A +0.157 T +0.063 AT +0.161 | pesi S 0.78 A 0.08 T 0.01 N 0.12 | A [('k', 0.025), ('p', 0.018), ('t', 0.013)] | T []
Timm e Schinner, seme 2                    fine   n  3965 | guadagno A -0.001 T +0.340 AT +0.338 | pesi S 0.57 A 0.00 T 0.21 N 0.22 | A [] | T [('m', 0.196), ('g', 0.015)]
modello e51, seme 19                       inizio n  3558 | guadagno A +0.145 T +0.078 AT +0.160 | pesi S 0.58 A 0.09 T 0.05 N 0.28 | A [('p', 0.016), ('k', 0.015), ('o', 0.014), ('t', 0.013)] | T [('p', 0.012)]
modello e51, seme 19                       fine   n  3940 | guadagno A +0.001 T +0.280 AT +0.279 | pesi S 0.48 A 0.00 T 0.20 N 0.32 | A [] | T [('m', 0.175), ('g', 0.015)]
