Voynich                                              righe 2671 | primo 0.0129 (z 31.4) | ultimo 0.0020 (z 4.7) | lunghezza 0.0004 (z 1.9) | tipo 0.0117 (z 12.5)
    OrderedDict({'primo': {'piu_all_inizio': [('sh', 0.46), ('q', 0.81), ('k', 0.88)], 'piu_alla_fine': [('d', 1.79), ('t', 1.74), ('cth', 1.46)]}, 'ultimo': {'piu_all_inizio': [('o', 0.75), ('y', 0.9), ('l', 0.92)], 'piu_alla_fine': [('m', 2.47), ('r', 1.21), ('n', 1.15)]}, 'lunghezza': {'piu_all_inizio': [('7', 0.91), ('6', 0.91), ('3', 0.95)], 'piu_alla_fine': [('4', 1.06), ('5', 1.06), ('1', 1.06)]}})
Voynich A                                            righe  890 | primo 0.0229 (z 16.6) | ultimo 0.0050 (z 4.0) | lunghezza -0.0002 (z -0.2) | tipo 0.0136 (z 4.2)
    OrderedDict({'primo': {'piu_all_inizio': [('sh', 0.46), ('k', 0.67), ('q', 0.69)], 'piu_alla_fine': [('d', 2.05), ('s', 1.54), ('cth', 1.42)]}, 'ultimo': {'piu_all_inizio': [('o', 0.78), ('l', 0.83), ('r', 0.9)], 'piu_alla_fine': [('n', 1.34), ('s', 1.2), ('y', 1.0)]}, 'lunghezza': {'piu_all_inizio': [('2', 0.92), ('7', 0.93), ('3', 0.96)], 'piu_alla_fine': [('5', 1.13), ('1', 1.04), ('6', 1.03)]}})
Voynich B                                            righe 1747 | primo 0.0101 (z 18.4) | ultimo 0.0041 (z 7.6) | lunghezza 0.0004 (z 1.1) | tipo 0.0115 (z 8.8)
    OrderedDict({'primo': {'piu_all_inizio': [('sh', 0.47), ('q', 0.82), ('y', 0.89)], 'piu_alla_fine': [('t', 1.7), ('d', 1.58), ('r', 1.49)]}, 'ultimo': {'piu_all_inizio': [('o', 0.73), ('y', 0.87), ('d', 0.89)], 'piu_alla_fine': [('r', 1.4), ('n', 1.1), ('s', 1.08)]}, 'lunghezza': {'piu_all_inizio': [('6', 0.88), ('7', 0.88), ('3', 0.95)], 'piu_alla_fine': [('1', 1.17), ('2', 1.1), ('4', 1.09)]}})
Plinio, a capo                                       righe 3328 | primo 0.0010 (z 2.6) | ultimo -0.0002 (z -0.5) | lunghezza -0.0001 (z -0.8) | tipo 0.0009 (z 1.2)
    OrderedDict({'primo': {'piu_all_inizio': [('d', 0.78), ('p', 0.87), ('i', 0.9)], 'piu_alla_fine': [('h', 1.25), ('o', 1.24), ('u', 1.15)]}, 'ultimo': {'piu_all_inizio': [('x', 0.87), ('n', 0.88), ('r', 0.9)], 'piu_alla_fine': [('c', 1.19), ('d', 1.15), ('o', 1.14)]}, 'lunghezza': {'piu_all_inizio': [('1', 0.92), ('6', 0.95), ('7', 0.97)], 'piu_alla_fine': [('5', 1.09), ('2', 1.02), ('4', 1.02)]}})
Plinio codificato, a capo                            righe 3327 | primo 0.0001 (z 0.2) | ultimo 0.0003 (z 0.8) | lunghezza 0.0000 (z 0.2) | tipo 0.0009 (z 1.1)
    OrderedDict({'primo': {'piu_all_inizio': [('r', 0.84), ('k', 0.88), ('sh', 0.88)], 'piu_alla_fine': [('f', 1.33), ('s', 1.13), ('ch', 1.06)]}, 'ultimo': {'piu_all_inizio': [('d', 0.89), ('y', 0.97), ('l', 1.0)], 'piu_alla_fine': [('g', 1.16), ('o', 1.07), ('s', 1.07)]}, 'lunghezza': {'piu_all_inizio': [('4', 0.96), ('6', 0.97), ('5', 0.99)], 'piu_alla_fine': [('2', 1.1), ('1', 1.07), ('3', 1.07)]}})
Naibbe, a capo                                       righe 3281 | primo 0.0005 (z 1.5) | ultimo -0.0000 (z -0.1) | lunghezza 0.0000 (z 0.0) | tipo -0.0006 (z -0.8)
    OrderedDict({'primo': {'piu_all_inizio': [('q', 0.91), ('d', 0.93), ('cth', 0.93)], 'piu_alla_fine': [('r', 1.27), ('p', 1.18), ('a', 1.13)]}, 'ultimo': {'piu_all_inizio': [('d', 0.9), ('y', 0.98), ('o', 0.98)], 'piu_alla_fine': [('m', 1.13), ('s', 1.08), ('n', 1.05)]}, 'lunghezza': {'piu_all_inizio': [('6', 0.94), ('3', 0.98), ('7', 0.99)], 'piu_alla_fine': [('2', 1.05), ('4', 1.05), ('5', 1.02)]}})
controllo: interne ordinate per lunghezza (metà righe) righe 3327 | primo 0.0288 (z 82.1) | ultimo 0.0170 (z 44.7) | lunghezza 0.1643 (z 904.3) | tipo 0.0657 (z 96.1)
    OrderedDict({'primo': {'piu_all_inizio': [('cth', 0.38), ('a', 0.45), ('ch', 0.68)], 'piu_alla_fine': [('q', 2.65), ('p', 2.04), ('y', 1.87)]}, 'ultimo': {'piu_all_inizio': [('o', 0.5), ('l', 0.61), ('d', 0.78)], 'piu_alla_fine': [('n', 1.89), ('y', 1.14), ('m', 0.95)]}, 'lunghezza': {'piu_all_inizio': [('1', 0.24), ('2', 0.26), ('3', 0.29)], 'piu_alla_fine': [('7', 4.89), ('6', 2.57), ('5', 1.24)]}})
Timm e Schinner, seme 19                             righe 3204 | primo 0.0007 (z 2.1) | ultimo 0.0006 (z 2.4) | lunghezza 0.0001 (z 0.4) | tipo 0.0000 (z 0.0)
    OrderedDict({'primo': {'piu_all_inizio': [('e', 0.77), ('k', 0.84), ('t', 0.89)], 'piu_alla_fine': [('s', 1.5), ('p', 1.31), ('ckh', 1.08)]}, 'ultimo': {'piu_all_inizio': [('s', 0.89), ('l', 0.93), ('r', 0.94)], 'piu_alla_fine': [('m', 1.1), ('n', 1.1), ('y', 1.09)]}, 'lunghezza': {'piu_all_inizio': [('6', 0.83), ('7', 0.97), ('5', 1.0)], 'piu_alla_fine': [('3', 1.08), ('2', 1.03), ('4', 1.02)]}})
Timm e Schinner, seme 1                              righe 3266 | primo -0.0001 (z -0.2) | ultimo 0.0001 (z 0.6) | lunghezza 0.0000 (z 0.1) | tipo 0.0005 (z 0.8)
    OrderedDict({'primo': {'piu_all_inizio': [('e', 0.87), ('ch', 0.9), ('d', 0.96)], 'piu_alla_fine': [('s', 1.39), ('p', 1.36), ('k', 1.16)]}, 'ultimo': {'piu_all_inizio': [('l', 0.91), ('d', 0.98), ('r', 1.0)], 'piu_alla_fine': [('m', 1.24), ('s', 1.18), ('o', 1.11)]}, 'lunghezza': {'piu_all_inizio': [('7', 0.89), ('6', 0.92), ('5', 0.96)], 'piu_alla_fine': [('1', 1.29), ('3', 1.05), ('2', 1.04)]}})
Timm e Schinner, seme 2                              righe 3240 | primo -0.0005 (z -1.7) | ultimo 0.0003 (z 1.4) | lunghezza 0.0000 (z 0.2) | tipo 0.0003 (z 0.4)
    OrderedDict({'primo': {'piu_all_inizio': [('k', 0.82), ('ch', 0.94), ('t', 0.97)], 'piu_alla_fine': [('e', 1.42), ('q', 1.09), ('p', 1.05)]}, 'ultimo': {'piu_all_inizio': [('d', 0.94), ('r', 0.94), ('n', 0.96)], 'piu_alla_fine': [('o', 1.21), ('y', 1.06), ('s', 1.02)]}, 'lunghezza': {'piu_all_inizio': [('4', 0.94), ('6', 0.95), ('7', 0.99)], 'piu_alla_fine': [('1', 1.14), ('2', 1.08), ('3', 1.02)]}})
+ giunture (e23), seme 19                            righe 3188 | primo 0.0003 (z 0.9) | ultimo 0.0003 (z 1.3) | lunghezza 0.0002 (z 0.8) | tipo 0.0005 (z 0.6)
    OrderedDict({'primo': {'piu_all_inizio': [('q', 0.76), ('s', 0.77), ('o', 0.95)], 'piu_alla_fine': [('e', 1.51), ('k', 1.1), ('sh', 1.09)]}, 'ultimo': {'piu_all_inizio': [('s', 0.84), ('l', 0.94), ('d', 0.95)], 'piu_alla_fine': [('o', 1.17), ('y', 1.08), ('n', 1.04)]}, 'lunghezza': {'piu_all_inizio': [('7', 0.93), ('6', 0.94), ('4', 0.95)], 'piu_alla_fine': [('3', 1.07), ('1', 1.06), ('5', 1.03)]}})
modello e51, seme 19                                 righe 3162 | primo 0.0006 (z 1.6) | ultimo 0.0006 (z 2.1) | lunghezza 0.0011 (z 3.2) | tipo 0.0002 (z 0.2)
    OrderedDict({'primo': {'piu_all_inizio': [('e', 0.75), ('k', 0.79), ('sh', 0.94)], 'piu_alla_fine': [('cth', 1.57), ('s', 1.15), ('a', 1.11)]}, 'ultimo': {'piu_all_inizio': [('s', 0.82), ('r', 0.9), ('m', 0.96)], 'piu_alla_fine': [('d', 1.13), ('o', 1.11), ('l', 1.04)]}, 'lunghezza': {'piu_all_inizio': [('6', 0.84), ('7', 0.86), ('5', 1.0)], 'piu_alla_fine': [('1', 1.48), ('2', 1.11), ('3', 1.11)]}})
